ARM Linker, 5.03 [Build 24] [MDK-ARM Lite]

==============================================================================

Section Cross References

    startup_stm32f10x_hd.o(STACK) refers (Special) to heapauxi.o(.text) for __use_two_region_memory
    startup_stm32f10x_hd.o(HEAP) refers (Special) to heapauxi.o(.text) for __use_two_region_memory
    startup_stm32f10x_hd.o(RESET) refers (Special) to heapauxi.o(.text) for __use_two_region_memory
    startup_stm32f10x_hd.o(RESET) refers to startup_stm32f10x_hd.o(.text) for Reset_Handler
    startup_stm32f10x_hd.o(RESET) refers to usart.o(i.USART1_IRQHandler) for USART1_IRQHandler
    startup_stm32f10x_hd.o(RESET) refers to usart.o(i.USART2_IRQHandler) for USART2_IRQHandler
    startup_stm32f10x_hd.o(.text) refers (Special) to heapauxi.o(.text) for __use_two_region_memory
    startup_stm32f10x_hd.o(.text) refers to startup_stm32f10x_hd.o(STACK) for __initial_sp
    startup_stm32f10x_hd.o(.text) refers to __main.o(!!!main) for __main
    startup_stm32f10x_hd.o(.text) refers to startup_stm32f10x_hd.o(HEAP) for Heap_Mem
    main.o(i.Set_RF_Para) refers to _printf_percent.o(.ARM.Collect$$_printf_percent$$00000000) for _printf_percent
    main.o(i.Set_RF_Para) refers to _printf_x.o(.ARM.Collect$$_printf_percent$$0000000C) for _printf_x
    main.o(i.Set_RF_Para) refers to _printf_hex_int.o(.text) for _printf_longlong_hex
    main.o(i.Set_RF_Para) refers to delay.o(i.delay_ms) for delay_ms
    main.o(i.Set_RF_Para) refers to usart.o(i.UartSendBuff) for UartSendBuff
    main.o(i.Set_RF_Para) refers to usart.o(i.UartGetByte) for UartGetByte
    main.o(i.Set_RF_Para) refers to noretval__2printf.o(.text) for __2printf
    main.o(i.Set_RF_Para) refers to main.o(.data) for ParaSetBuff
    main.o(i.SystemInit) refers to sys.o(i.MCU_INIT) for MCU_INIT
    main.o(i.SystemInit) refers to usart.o(i.Uart_Init) for Uart_Init
    main.o(i.SystemInit) refers to delay.o(i.Delay_Init) for Delay_Init
    main.o(i.SystemInit) refers to util_queue.o(i.QueueInit) for QueueInit
    main.o(i.SystemInit) refers to noretval__2printf.o(.text) for __2printf
    main.o(i.SystemInit) refers to usart.o(.bss) for USART2ReciQueue
    main.o(i.main) refers to _printf_percent.o(.ARM.Collect$$_printf_percent$$00000000) for _printf_percent
    main.o(i.main) refers to _printf_d.o(.ARM.Collect$$_printf_percent$$00000009) for _printf_d
    main.o(i.main) refers to _printf_dec.o(.text) for _printf_int_dec
    main.o(i.main) refers to _printf_s.o(.ARM.Collect$$_printf_percent$$00000014) for _printf_s
    main.o(i.main) refers to _printf_str.o(.text) for _printf_str
    main.o(i.main) refers to main.o(i.SystemInit) for SystemInit
    main.o(i.main) refers to sys.o(i.RCC_SW) for RCC_SW
    main.o(i.main) refers to gpio.o(i.iGPIO_Init) for iGPIO_Init
    main.o(i.main) refers to usart.o(i.UartGetByte3) for UartGetByte3
    main.o(i.main) refers to noretval__2printf.o(.text) for __2printf
    main.o(i.main) refers to delay.o(i.delay_ms) for delay_ms
    main.o(i.main) refers to stm32f10x_pwr.o(i.PWR_WakeUpPinCmd) for PWR_WakeUpPinCmd
    main.o(i.main) refers to stm32f10x_rcc.o(i.RCC_APB1PeriphClockCmd) for RCC_APB1PeriphClockCmd
    main.o(i.main) refers to stm32f10x_pwr.o(i.PWR_EnterSTANDBYMode) for PWR_EnterSTANDBYMode
    main.o(i.main) refers to main.o(.data) for ReciState
    stm32f10x_gpio.o(i.GPIO_AFIODeInit) refers to stm32f10x_rcc.o(i.RCC_APB2PeriphResetCmd) for RCC_APB2PeriphResetCmd
    stm32f10x_gpio.o(i.GPIO_DeInit) refers to stm32f10x_rcc.o(i.RCC_APB2PeriphResetCmd) for RCC_APB2PeriphResetCmd
    stm32f10x_rcc.o(i.RCC_GetClocksFreq) refers to stm32f10x_rcc.o(.constdata) for APBAHBPrescTable
    stm32f10x_rcc.o(i.RCC_WaitForHSEStartUp) refers to stm32f10x_rcc.o(i.RCC_GetFlagStatus) for RCC_GetFlagStatus
    stm32f10x_rcc.o(i.RCC_WaitForHSEStartUp) refers to stm32f10x_rcc.o(.data) for HSEStatus
    stm32f10x_pwr.o(i.PWR_DeInit) refers to stm32f10x_rcc.o(i.RCC_APB1PeriphResetCmd) for RCC_APB1PeriphResetCmd
    stm32f10x_pwr.o(i.PWR_EnterSTANDBYMode) refers to stm32f10x_pwr.o(i.__WFI) for __WFI
    stm32f10x_pwr.o(i.PWR_EnterSTOPMode) refers to stm32f10x_pwr.o(i.__WFI) for __WFI
    stm32f10x_pwr.o(i.PWR_EnterSTOPMode) refers to stm32f10x_pwr.o(i.__WFE) for __WFE
    sys.o(i.JTAG_Set) refers (Special) to use_no_semi_2.o(.text) for __use_no_semihosting
    sys.o(i.MCU_INIT) refers (Special) to use_no_semi_2.o(.text) for __use_no_semihosting
    sys.o(i.MCU_INIT) refers to stm32f10x_rcc.o(i.RCC_DeInit) for RCC_DeInit
    sys.o(i.MCU_INIT) refers to stm32f10x_rcc.o(i.RCC_HSEConfig) for RCC_HSEConfig
    sys.o(i.MCU_INIT) refers to stm32f10x_rcc.o(i.RCC_LSEConfig) for RCC_LSEConfig
    sys.o(i.MCU_INIT) refers to stm32f10x_rcc.o(i.RCC_HSICmd) for RCC_HSICmd
    sys.o(i.MCU_INIT) refers to stm32f10x_rcc.o(i.RCC_GetFlagStatus) for RCC_GetFlagStatus
    sys.o(i.MCU_INIT) refers to stm32f10x_rcc.o(i.RCC_SYSCLKConfig) for RCC_SYSCLKConfig
[...]
    usart.o(i.UartSendStr) refers to usart.o(i.UartSendByte) for UartSendByte
    delay.o(i.Delay_Init) refers to tim.o(i.Timer_Init) for Timer_Init
    delay.o(i.delay_s) refers to delay.o(i.delay_ms) for delay_ms
    fsmc.o(i.FSMC_LCD_Init) refers to sys.o(i.RCC_SW) for RCC_SW
    fsmc.o(i.FSMC_LCD_Init) refers to gpio.o(i.iGPIO_Init) for iGPIO_Init
    fsmc.o(i.FSMC_NAND_ReadID) refers to delay.o(i.delay_ms) for delay_ms
    spi.o(i.iSPI_Init) refers to sys.o(i.RCC_SW) for RCC_SW
    spi.o(i.iSPI_Init) refers to gpio.o(i.iGPIO_Init) for iGPIO_Init
    spi.o(i.iSPI_Init) refers to spi.o(i.SPI_RW) for SPI_RW
    tim.o(i.Timer_Init) refers to sys.o(i.RCC_SW) for RCC_SW
    ws2812.o(i.WS2812_Init) refers to sys.o(i.RCC_SW) for RCC_SW
    ws2812.o(i.WS2812_Init) refers to gpio.o(i.iGPIO_Init) for iGPIO_Init
    ws2812.o(i.WS2812b_WritePixel) refers to ws2812.o(i.Ws2812bWrite8Bit) for Ws2812bWrite8Bit
    ws2812.o(i.Ws2812bReset) refers to delay.o(i.delay_us) for delay_us
    ws2812.o(i.Ws2812bWrite8Bit) refers to ws2812.o(i.T1H) for T1H
    ws2812.o(i.Ws2812bWrite8Bit) refers to ws2812.o(i.T1L) for T1L
    ws2812.o(i.Ws2812bWrite8Bit) refers to ws2812.o(i.T0H) for T0H
    ws2812.o(i.Ws2812bWrite8Bit) refers to ws2812.o(i.T0L) for T0L
    ws2812.o(i.Ws2812bWriteRGB) refers to ws2812.o(i.Ws2812bWrite8Bit) for Ws2812bWrite8Bit
    example.o(i.ExampleErollFp) refers to protocol.o(i.FunHandshakeModule) for FunHandshakeModule
    example.o(i.ExampleErollFp) refers to protocol.o(i.SY_memset) for SY_memset
    example.o(i.ExampleErollFp) refers to protocol.o(i.CommSingleInstruction) for CommSingleInstruction
    example.o(i.ExampleSeachFp) refers to protocol.o(i.SY_memset) for SY_memset
    example.o(i.ExampleSeachFp) refers to protocol.o(i.CommSingleInstruction) for CommSingleInstruction
    example.o(i.FptEx_AutoEnroll) refers to protocol.o(i.FunHandshakeModule) for FunHandshakeModule
    example.o(i.FptEx_AutoEnroll) refers to protocol.o(i.CommSingleInstruction) for CommSingleInstruction
    example.o(i.FptEx_AutoVery) refers to protocol.o(i.FunHandshakeModule) for FunHandshakeModule
    example.o(i.FptEx_AutoVery) refers to protocol.o(i.CommSingleInstruction) for CommSingleInstruction
    example.o(i.FptEx_SaveChar) refers to protocol.o(i.SY_memset) for SY_memset
    example.o(i.FptEx_SaveChar) refers to protocol.o(i.CommSingleInstruction) for CommSingleInstruction
    protocol.o(i.CMD_DataSend) refers to protocol.o(i.MakePackageHead) for MakePackageHead
    protocol.o(i.CMD_DataSend) refers to protocol.o(i.SY_memcpy) for SY_memcpy
    protocol.o(i.CMD_DataSend) refers to protocol.o(i.CMD_GenCRC) for CMD_GenCRC
    protocol.o(i.CMD_DataSend) refers to uartport.o(i.UartDataSend) for UartDataSend
    protocol.o(i.CMD_DataSend) refers to uartport.o(.bss) for UartTxBuff
    protocol.o(i.CMD_Send) refers to protocol.o(i.MakePackageHead) for MakePackageHead
    protocol.o(i.CMD_Send) refers to protocol.o(i.SY_memcpy) for SY_memcpy
    protocol.o(i.CMD_Send) refers to protocol.o(i.CMD_GenCRC) for CMD_GenCRC
    protocol.o(i.CMD_Send) refers to uartport.o(i.UartDataSend) for UartDataSend
    protocol.o(i.CMD_Send) refers to uartport.o(.bss) for UartTxBuff
    protocol.o(i.CMD_VerCRC) refers to protocol.o(i.CMD_GenCRC) for CMD_GenCRC
    protocol.o(i.CommDataPakgeRev) refers to protocol.o(i.CommPakgeRev) for CommPakgeRev
    protocol.o(i.CommDataPakgeRev) refers to protocol.o(i.SY_memcpy) for SY_memcpy
    protocol.o(i.CommDownDataInstruction) refers to uartport.o(i.ClearTxBuff) for ClearTxBuff
    protocol.o(i.CommDownDataInstruction) refers to uartport.o(i.ClearRxBuff) for ClearRxBuff
    protocol.o(i.CommDownDataInstruction) refers to protocol.o(i.CMD_Send) for CMD_Send
    protocol.o(i.CommDownDataInstruction) refers to protocol.o(i.CommPakgeRev) for CommPakgeRev
    protocol.o(i.CommDownDataInstruction) refers to protocol.o(i.DelayMs) for DelayMs
    protocol.o(i.CommDownDataInstruction) refers to protocol.o(i.CMD_DataSend) for CMD_DataSend
    protocol.o(i.CommPakgeRev) refers to uartport.o(i.UartDataRev) for UartDataRev
    protocol.o(i.CommPakgeRev) refers to protocol.o(i.CMD_VerCRC) for CMD_VerCRC
    protocol.o(i.CommSingleInstruction) refers to uartport.o(i.ClearTxBuff) for ClearTxBuff
    protocol.o(i.CommSingleInstruction) refers to uartport.o(i.ClearRxBuff) for ClearRxBuff
    protocol.o(i.CommSingleInstruction) refers to protocol.o(i.CMD_Send) for CMD_Send
    protocol.o(i.CommSingleInstruction) refers to protocol.o(i.CommPakgeRev) for CommPakgeRev
    protocol.o(i.CommUpDataInstruction) refers to uartport.o(i.ClearTxBuff) for ClearTxBuff
    protocol.o(i.CommUpDataInstruction) refers to uartport.o(i.ClearRxBuff) for ClearRxBuff
    protocol.o(i.CommUpDataInstruction) refers to protocol.o(i.CMD_Send) for CMD_Send
    protocol.o(i.CommUpDataInstruction) refers to protocol.o(i.CommPakgeRev) for CommPakgeRev
    protocol.o(i.CommUpDataInstruction) refers to protocol.o(i.DelayMs) for DelayMs
    protocol.o(i.CommUpDataInstruction) refers to protocol.o(i.CommDataPakgeRev) for CommDataPakgeRev
    protocol.o(i.FunHandshakeModule) refers to protocol.o(i.UartAdjust) for UartAdjust
    protocol.o(i.FunHandshakeModule) refers to protocol.o(i.CommSingleInstruction) for CommSingleInstruction
    protocol.o(i.MakePackage) refers to protocol.o(i.MakePackageHead) for MakePackageHead
    protocol.o(i.MakePackage) refers to protocol.o(i.SY_memcpy) for SY_memcpy
    protocol.o(i.MakePackage) refers to protocol.o(i.CMD_GenCRC) for CMD_GenCRC
    protocol.o(i.MakePackageHead) refers to protocol.o(.data) for gDeviceAddr
    protocol.o(i.Port_Init) refers to uartport.o(i.UartPortInit) for UartPortInit
    protocol.o(i.Port_Init) refers to protocol.o(i.UartAdjust) for UartAdjust
    protocol.o(i.Port_Init) refers to protocol.o(.data) for gDeviceAddr
    protocol.o(i.UartAdjust) refers to uartport.o(i.UartDataSend) for UartDataSend
    uartport.o(i.ClearRxBuff) refers to uartport.o(.bss) for UartRxBuff
    uartport.o(i.ClearRxBuff) refers to uartport.o(.data) for RevDtaNum
    uartport.o(i.ClearTxBuff) refers to uartport.o(.bss) for UartTxBuff
    uartport.o(i.UARTSendByte) refers to usart.o(i.UartSendByte) for UartSendByte
    uartport.o(i.UartDataRev) refers to uartport.o(.data) for TimeOutCnt0
    uartport.o(i.UartDataRev) refers to uartport.o(.bss) for UartRxBuff
    uartport.o(i.UartDataSend) refers to uartport.o(i.UARTSendByte) for UARTSendByte
    uartport.o(i.UartPortInit) refers to uartport.o(i.ClearRxBuff) for ClearRxBuff
    uartport.o(i.UartPortInit) refers to uartport.o(i.ClearTxBuff) for ClearTxBuff
    uartport.o(i.UartPortInit) refers to uartport.o(.data) for TimeOutCnt0
    util_queue.o(i.QueueGet) refers to util_queue.o(i.IsEmpty) for IsEmpty
    util_queue.o(i.QueueGet2) refers to util_queue.o(i.IsEmpty) for IsEmpty
    util_queue.o(i.QueuePut) refers to util_queue.o(i.IsFull) for IsFull
    use_no_semi_2.o(.text) refers (Special) to use_no_semi.o(.text) for __use_no_semihosting_swi
    __2printf.o(.text) refers to _printf_char_file.o(.text) for _printf_char_file
    __2printf.o(.text) refers to sys.o(.data) for __stdout
    noretval__2printf.o(.text) refers to _printf_char_file.o(.text) for _printf_char_file
    noretval__2printf.o(.text) refers to sys.o(.data) for __stdout
    __printf.o(.text) refers to _printf_percent.o(.ARM.Collect$$_printf_percent$$00000000) for _printf_percent
    _printf_str.o(.text) refers (Special) to _printf_char.o(.text) for _printf_cs_common
    _printf_dec.o(.text) refers to _printf_intcommon.o(.text) for _printf_int_common
    _printf_hex_ll.o(.text) refers to _printf_intcommon.o(.text) for _printf_int_common
    _printf_hex_ll.o(.text) refers to _printf_hex_ll.o(.constdata) for .constdata
    _printf_hex_int.o(.text) refers to _printf_intcommon.o(.text) for _printf_int_common
    _printf_hex_int.o(.text) refers to _printf_hex_int.o(.constdata) for .constdata
    _printf_hex_int_ll.o(.text) refers to _printf_intcommon.o(.text) for _printf_int_common
    _printf_hex_int_ll.o(.text) refers to _printf_hex_int_ll.o(.constdata) for .constdata
    _printf_hex_ptr.o(.text) refers to _printf_intcommon.o(.text) for _printf_int_common
    _printf_hex_ptr.o(.text) refers to _printf_hex_ptr.o(.constdata) for .constdata
    _printf_hex_int_ptr.o(.text) refers to _printf_intcommon.o(.text) for _printf_int_common
    _printf_hex_int_ptr.o(.text) refers to _printf_hex_int_ptr.o(.constdata) for .constdata
    _printf_hex_ll_ptr.o(.text) refers to _printf_intcommon.o(.text) for _printf_int_common
    _printf_hex_ll_ptr.o(.text) refers to _printf_hex_ll_ptr.o(.constdata) for .constdata
    _printf_hex_int_ll_ptr.o(.text) refers to _printf_intcommon.o(.text) for _printf_int_common
    _printf_hex_int_ll_ptr.o(.text) refers to _printf_hex_int_ll_ptr.o(.constdata) for .constdata
    __printf_flags.o(.text) refers to _printf_percent.o(.ARM.Collect$$_printf_percent$$00000000) for _printf_percent
    __printf_flags.o(.text) refers to __printf_flags.o(.constdata) for .constdata
    __printf_ss.o(.text) refers to _printf_percent.o(.ARM.Collect$$_printf_percent$$00000000) for _printf_percent
    __printf_flags_ss.o(.text) refers to _printf_percent.o(.ARM.Collect$$_printf_percent$$00000000) for _printf_percent
    __printf_flags_ss.o(.text) refers to __printf_flags_ss.o(.constdata) for .constdata
    __printf_wp.o(.text) refers to __printf_wp.o(i._is_digit) for _is_digit
    __printf_wp.o(.text) refers to _printf_percent.o(.ARM.Collect$$_printf_percent$$00000000) for _printf_percent
    __printf_flags_wp.o(.text) refers to __printf_wp.o(i._is_digit) for _is_digit
    __printf_flags_wp.o(.text) refers to _printf_percent.o(.ARM.Collect$$_printf_percent$$00000000) for _printf_percent
    __printf_flags_wp.o(.text) refers to __printf_flags_wp.o(.constdata) for .constdata
    __printf_ss_wp.o(.text) refers to __printf_wp.o(i._is_digit) for _is_digit
    __printf_ss_wp.o(.text) refers to _printf_percent.o(.ARM.Collect$$_printf_percent$$00000000) for _printf_percent
    __printf_flags_ss_wp.o(.text) refers to __printf_wp.o(i._is_digit) for _is_digit
    __printf_flags_ss_wp.o(.text) refers to _printf_percent.o(.ARM.Collect$$_printf_percent$$00000000) for _printf_percent
    __printf_flags_ss_wp.o(.text) refers to __printf_flags_ss_wp.o(.constdata) for .constdata
    _printf_s.o(.ARM.Collect$$_printf_percent$$00000014) refers (Weak) to _printf_char.o(.text) for _printf_string
    _printf_x.o(.ARM.Collect$$_printf_percent$$0000000C) refers (Weak) to _printf_hex_int.o(.text) for _printf_int_hex
    _printf_d.o(.ARM.Collect$$_printf_percent$$00000009) refers (Weak) to _printf_dec.o(.text) for _printf_int_dec
    _printf_percent.o(.ARM.Collect$$_printf_percent$$00000000) refers (Special) to _printf_percent_end.o(.ARM.Collect$$_printf_percent$$00000017) for _printf_percent_end
    __main.o(!!!main) refers to rtentry.o(.ARM.Collect$$rtentry$$00000000) for __rt_entry
    rtentry.o(.ARM.Collect$$rtentry$$00000000) refers (Special) to rtentry2.o(.ARM.Collect$$rtentry$$0000000A) for __rt_entry_li
    rtentry.o(.ARM.Collect$$rtentry$$00000000) refers (Special) to rtentry2.o(.ARM.Collect$$rtentry$$0000000D) for __rt_entry_main
    rtentry.o(.ARM.Collect$$rtentry$$00000000) refers (Special) to rtentry2.o(.ARM.Collect$$rtentry$$0000000C) for __rt_entry_postli_1
    rtentry.o(.ARM.Collect$$rtentry$$00000000) refers (Special) to rtentry2.o(.ARM.Collect$$rtentry$$00000009) for __rt_entry_postsh_1
    rtentry.o(.ARM.Collect$$rtentry$$00000000) refers (Special) to rtentry2.o(.ARM.Collect$$rtentry$$00000002) for __rt_entry_presh_1
    rtentry.o(.ARM.Collect$$rtentry$$00000000) refers (Special) to rtentry4.o(.ARM.Collect$$rtentry$$00000004) for __rt_entry_sh
    _printf_char.o(.text) refers (Weak) to _printf_str.o(.text) for _printf_str
    _printf_char_file.o(.text) refers to _printf_char_common.o(.text) for _printf_char_common
    _printf_char_file.o(.text) refers to ferror.o(.text) for ferror
    _printf_char_file.o(.text) refers to sys.o(i.fputc) for fputc
    rtentry2.o(.ARM.Collect$$rtentry$$00000008) refers to boardinit2.o(.text) for _platform_post_stackheap_init
    rtentry2.o(.ARM.Collect$$rtentry$$0000000A) refers to libinit.o(.ARM.Collect$$libinit$$00000000) for __rt_lib_init
    rtentry2.o(.ARM.Collect$$rtentry$$0000000B) refers to boardinit3.o(.text) for _platform_post_lib_init
    rtentry2.o(.ARM.Collect$$rtentry$$0000000D) refers to main.o(i.main) for main
    rtentry2.o(.ARM.Collect$$rtentry$$0000000D) refers to exit.o(.text) for exit
    rtentry2.o(.ARM.exidx) refers to rtentry2.o(.ARM.Collect$$rtentry$$00000001) for .ARM.Collect$$rtentry$$00000001
    rtentry2.o(.ARM.exidx) refers to rtentry2.o(.ARM.Collect$$rtentry$$00000008) for .ARM.Collect$$rtentry$$00000008
    rtentry2.o(.ARM.exidx) refers to rtentry2.o(.ARM.Collect$$rtentry$$0000000A) for .ARM.Collect$$rtentry$$0000000A
    rtentry2.o(.ARM.exidx) refers to rtentry2.o(.ARM.Collect$$rtentry$$0000000B) for .ARM.Collect$$rtentry$$0000000B
    rtentry2.o(.ARM.exidx) refers to rtentry2.o(.ARM.Collect$$rtentry$$0000000D) for .ARM.Collect$$rtentry$$0000000D
    rtentry4.o(.ARM.Collect$$rtentry$$00000004) refers to sys_stackheap_outer.o(.text) for __user_setup_stackheap
    rtentry4.o(.ARM.exidx) refers to rtentry4.o(.ARM.Collect$$rtentry$$00000004) for .ARM.Collect$$rtentry$$00000004
    _printf_char_common.o(.text) refers to __printf_wp.o(.text) for __printf
    sys_stackheap_outer.o(.text) refers to libspace.o(.text) for __user_perproc_libspace
    sys_stackheap_outer.o(.text) refers to startup_stm32f10x_hd.o(.text) for __user_initial_stackheap
    exit.o(.text) refers to rtexit.o(.ARM.Collect$$rtexit$$00000000) for __rt_exit
    libinit.o(.ARM.Collect$$libinit$$00000000) refers (Special) to libinit2.o(.ARM.Collect$$libinit$$0000002C) for __rt_lib_init_alloca_1
    libinit.o(.ARM.Collect$$libinit$$00000000) refers (Special) to libinit2.o(.ARM.Collect$$libinit$$0000002A) for __rt_lib_init_argv_1
    libinit.o(.ARM.Collect$$libinit$$00000000) refers (Special) to libinit2.o(.ARM.Collect$$libinit$$00000019) for __rt_lib_init_atexit_1
    libinit.o(.ARM.Collect$$libinit$$00000000) refers (Special) to libinit2.o(.ARM.Collect$$libinit$$0000001F) for __rt_lib_init_clock_1
    libinit.o(.ARM.Collect$$libinit$$00000000) refers (Special) to libinit2.o(.ARM.Collect$$libinit$$00000030) for __rt_lib_init_cpp_1
    libinit.o(.ARM.Collect$$libinit$$00000000) refers (Special) to libinit2.o(.ARM.Collect$$libinit$$0000002E) for __rt_lib_init_exceptions_1
    libinit.o(.ARM.Collect$$libinit$$00000000) refers (Special) to libinit2.o(.ARM.Collect$$libinit$$00000002) for __rt_lib_init_fp_1
    libinit.o(.ARM.Collect$$libinit$$00000000) refers (Special) to libinit2.o(.ARM.Collect$$libinit$$0000001D) for __rt_lib_init_fp_trap_1
    libinit.o(.ARM.Collect$$libinit$$00000000) refers (Special) to libinit2.o(.ARM.Collect$$libinit$$00000021) for __rt_lib_init_getenv_1
    libinit.o(.ARM.Collect$$libinit$$00000000) refers (Special) to libinit2.o(.ARM.Collect$$libinit$$00000008) for __rt_lib_init_heap_1
    libinit.o(.ARM.Collect$$libinit$$00000000) refers (Special) to libinit2.o(.ARM.Collect$$libinit$$0000000F) for __rt_lib_init_lc_collate_1
    libinit.o(.ARM.Collect$$libinit$$00000000) refers (Special) to libinit2.o(.ARM.Collect$$libinit$$00000011) for __rt_lib_init_lc_ctype_1
    libinit.o(.ARM.Collect$$libinit$$00000000) refers (Special) to libinit2.o(.ARM.Collect$$libinit$$00000013) for __rt_lib_init_lc_monetary_1
    libinit.o(.ARM.Collect$$libinit$$00000000) refers (Special) to libinit2.o(.ARM.Collect$$libinit$$00000015) for __rt_lib_init_lc_numeric_1
    libinit.o(.ARM.Collect$$libinit$$00000000) refers (Special) to libinit2.o(.ARM.Collect$$libinit$$00000017) for __rt_lib_init_lc_time_1
    libinit.o(.ARM.Collect$$libinit$$00000000) refers (Special) to libinit2.o(.ARM.Collect$$libinit$$0000000C) for __rt_lib_init_rand_1
    libinit.o(.ARM.Collect$$libinit$$00000000) refers (Special) to libinit2.o(.ARM.Collect$$libinit$$00000031) for __rt_lib_init_return
    libinit.o(.ARM.Collect$$libinit$$00000000) refers (Special) to libinit2.o(.ARM.Collect$$libinit$$0000001B) for __rt_lib_init_signal_1
    libinit.o(.ARM.Collect$$libinit$$00000000) refers (Special) to libinit2.o(.ARM.Collect$$libinit$$00000023) for __rt_lib_init_stdio_1
    libinit.o(.ARM.Collect$$libinit$$00000000) refers (Special) to libinit2.o(.ARM.Collect$$libinit$$0000000A) for __rt_lib_init_user_alloc_1
    libspace.o(.text) refers to libspace.o(.bss) for __libspace_start
    rtexit.o(.ARM.Collect$$rtexit$$00000000) refers (Special) to rtexit2.o(.ARM.Collect$$rtexit$$00000004) for __rt_exit_exit
    rtexit.o(.ARM.Collect$$rtexit$$00000000) refers (Special) to rtexit2.o(.ARM.Collect$$rtexit$$00000003) for __rt_exit_ls
    rtexit.o(.ARM.Collect$$rtexit$$00000000) refers (Special) to rtexit2.o(.ARM.Collect$$rtexit$$00000002) for __rt_exit_prels_1
    rtexit.o(.ARM.exidx) refers (Special) to rtexit2.o(.ARM.Collect$$rtexit$$00000004) for __rt_exit_exit
    rtexit.o(.ARM.exidx) refers (Special) to rtexit2.o(.ARM.Collect$$rtexit$$00000003) for __rt_exit_ls
    rtexit.o(.ARM.exidx) refers (Special) to rtexit2.o(.ARM.Collect$$rtexit$$00000002) for __rt_exit_prels_1
    rtexit.o(.ARM.exidx) refers to rtexit.o(.ARM.Collect$$rtexit$$00000000) for .ARM.Collect$$rtexit$$00000000
    libinit2.o(.ARM.Collect$$libinit$$0000000E) refers to libinit2.o(.ARM.Collect$$libinit$$0000000D) for .ARM.Collect$$libinit$$0000000D
    libinit2.o(.ARM.Collect$$libinit$$00000010) refers to libinit2.o(.ARM.Collect$$libinit$$0000000D) for .ARM.Collect$$libinit$$0000000D
    libinit2.o(.ARM.Collect$$libinit$$00000012) refers to libinit2.o(.ARM.Collect$$libinit$$0000000D) for .ARM.Collect$$libinit$$0000000D
    libinit2.o(.ARM.Collect$$libinit$$00000014) refers to libinit2.o(.ARM.Collect$$libinit$$0000000D) for .ARM.Collect$$libinit$$0000000D
    libinit2.o(.ARM.Collect$$libinit$$00000016) refers to libinit2.o(.ARM.Collect$$libinit$$0000000D) for .ARM.Collect$$libinit$$0000000D
    libinit2.o(.ARM.Collect$$libinit$$00000024) refers to argv_veneer.o(.emb_text) for __ARM_argv_veneer
    libinit2.o(.ARM.Collect$$libinit$$00000025) refers to argv_veneer.o(.emb_text) for __ARM_argv_veneer
    rtexit2.o(.ARM.Collect$$rtexit$$00000003) refers to libshutdown.o(.ARM.Collect$$libshutdown$$00000000) for __rt_lib_shutdown
    rtexit2.o(.ARM.Collect$$rtexit$$00000004) refers to sys.o(i._sys_exit) for _sys_exit
    rtexit2.o(.ARM.exidx) refers to rtexit2.o(.ARM.Collect$$rtexit$$00000001) for .ARM.Collect$$rtexit$$00000001
    rtexit2.o(.ARM.exidx) refers to rtexit2.o(.ARM.Collect$$rtexit$$00000003) for .ARM.Collect$$rtexit$$00000003
    rtexit2.o(.ARM.exidx) refers to rtexit2.o(.ARM.Collect$$rtexit$$00000004) for .ARM.Collect$$rtexit$$00000004
    argv_veneer.o(.emb_text) refers to no_argv.o(.text) for __ARM_get_argv
    _get_argv_nomalloc.o(.text) refers (Special) to hrguard.o(.text) for __heap_region$guard
    _get_argv_nomalloc.o(.text) refers to defsig_rtmem_outer.o(.text) for __rt_SIGRTMEM
    _get_argv_nomalloc.o(.text) refers to sys_command.o(.text) for _sys_command_string
    libshutdown.o(.ARM.Collect$$libshutdown$$00000000) refers (Special) to libshutdown2.o(.ARM.Collect$$libshutdown$$00000006) for __rt_lib_shutdown_fp_trap_1
    libshutdown.o(.ARM.Collect$$libshutdown$$00000000) refers (Special) to libshutdown2.o(.ARM.Collect$$libshutdown$$0000000E) for __rt_lib_shutdown_heap_1
    libshutdown.o(.ARM.Collect$$libshutdown$$00000000) refers (Special) to libshutdown2.o(.ARM.Collect$$libshutdown$$0000000F) for __rt_lib_shutdown_return
    libshutdown.o(.ARM.Collect$$libshutdown$$00000000) refers (Special) to libshutdown2.o(.ARM.Collect$$libshutdown$$00000009) for __rt_lib_shutdown_signal_1
    libshutdown.o(.ARM.Collect$$libshutdown$$00000000) refers (Special) to libshutdown2.o(.ARM.Collect$$libshutdown$$00000003) for __rt_lib_shutdown_stdio_1
    libshutdown.o(.ARM.Collect$$libshutdown$$00000000) refers (Special) to libshutdown2.o(.ARM.Collect$$libshutdown$$0000000B) for __rt_lib_shutdown_user_alloc_1
    sys_command.o(.text) refers (Special) to use_no_semi.o(.text) for __I$use$semihosting
    sys_command.o(.text) refers (Special) to indicate_semi.o(.text) for __semihosting_library_function
    defsig_rtmem_outer.o(.text) refers to defsig_rtmem_inner.o(.text) for __rt_SIGRTMEM_inner
    defsig_rtmem_outer.o(.text) refers to defsig_exit.o(.text) for __sig_exit
    defsig_rtmem_formal.o(.text) refers to rt_raise.o(.text) for __rt_raise
    rt_raise.o(.text) refers to __raise.o(.text) for __raise
    rt_raise.o(.text) refers to sys.o(i._sys_exit) for _sys_exit
    defsig_exit.o(.text) refers to sys.o(i._sys_exit) for _sys_exit
    defsig_rtmem_inner.o(.text) refers to defsig_general.o(.text) for __default_signal_display
    __raise.o(.text) refers to defsig.o(CL$$defsig) for __default_signal_handler
    defsig_general.o(.text) refers to sys_wrch.o(.text) for _ttywrch
    sys_wrch.o(.text) refers (Special) to use_no_semi.o(.text) for __I$use$semihosting
    sys_wrch.o(.text) refers (Special) to indicate_semi.o(.text) for __semihosting_library_function
    defsig.o(CL$$defsig) refers to defsig_rtmem_inner.o(.text) for __rt_SIGRTMEM_inner
    defsig_abrt_inner.o(.text) refers to defsig_general.o(.text) for __default_signal_display
    defsig_fpe_inner.o(.text) refers to defsig_general.o(.text) for __default_signal_display
    defsig_rtred_inner.o(.text) refers to defsig_general.o(.text) for __default_signal_display
    defsig_stak_inner.o(.text) refers to defsig_general.o(.text) for __default_signal_display
    defsig_pvfn_inner.o(.text) refers to defsig_general.o(.text) for __default_signal_display
    defsig_cppl_inner.o(.text) refers to defsig_general.o(.text) for __default_signal_display
    defsig_segv_inner.o(.text) refers to defsig_general.o(.text) for __default_signal_display
    defsig_other.o(.text) refers to defsig_general.o(.text) for __default_signal_display


==============================================================================

Removing Unused input sections from the image.

    Removing main.o(i.Set_RF_Para), (200 bytes).
    Removing stm32f10x_dma.o(i.DMA_ClearFlag), (28 bytes).
    Removing stm32f10x_dma.o(i.DMA_ClearITPendingBit), (28 bytes).
    Removing stm32f10x_dma.o(i.DMA_Cmd), (22 bytes).
    Removing stm32f10x_dma.o(i.DMA_DeInit), (324 bytes).
    Removing stm32f10x_dma.o(i.DMA_GetCurrDataCounter), (8 bytes).
    Removing stm32f10x_dma.o(i.DMA_GetFlagStatus), (44 bytes).
    Removing stm32f10x_dma.o(i.DMA_GetITStatus), (44 bytes).
    Removing stm32f10x_dma.o(i.DMA_ITConfig), (18 bytes).
    Removing stm32f10x_dma.o(i.DMA_Init), (60 bytes).
    Removing stm32f10x_dma.o(i.DMA_StructInit), (26 bytes).
    Removing stm32f10x_gpio.o(i.GPIO_AFIODeInit), (20 bytes).
    Removing stm32f10x_gpio.o(i.GPIO_DeInit), (196 bytes).
    Removing stm32f10x_gpio.o(i.GPIO_EXTILineConfig), (64 bytes).
    Removing stm32f10x_gpio.o(i.GPIO_EventOutputCmd), (12 bytes).
    Removing stm32f10x_gpio.o(i.GPIO_EventOutputConfig), (32 bytes).
    Removing stm32f10x_gpio.o(i.GPIO_Init), (272 bytes).
    Removing stm32f10x_gpio.o(i.GPIO_PinLockConfig), (18 bytes).
    Removing stm32f10x_gpio.o(i.GPIO_PinRemapConfig), (112 bytes).
    Removing stm32f10x_gpio.o(i.GPIO_ReadInputData), (8 bytes).
    Removing stm32f10x_gpio.o(i.GPIO_ReadInputDataBit), (18 bytes).
    Removing stm32f10x_gpio.o(i.GPIO_ReadOutputData), (8 bytes).
    Removing stm32f10x_gpio.o(i.GPIO_ReadOutputDataBit), (18 bytes).
    Removing stm32f10x_gpio.o(i.GPIO_ResetBits), (4 bytes).
    Removing stm32f10x_gpio.o(i.GPIO_SetBits), (4 bytes).
    Removing stm32f10x_gpio.o(i.GPIO_StructInit), (16 bytes).
    Removing stm32f10x_gpio.o(i.GPIO_Write), (4 bytes).
    Removing stm32f10x_gpio.o(i.GPIO_WriteBit), (10 bytes).
    Removing stm32f10x_rcc.o(i.RCC_ADCCLKConfig), (24 bytes).
    Removing stm32f10x_rcc.o(i.RCC_AHBPeriphClockCmd), (32 bytes).
    Removing stm32f10x_rcc.o(i.RCC_APB1PeriphResetCmd), (32 bytes).
    Removing stm32f10x_rcc.o(i.RCC_APB2PeriphClockCmd), (32 bytes).
    Removing stm32f10x_rcc.o(i.RCC_APB2PeriphResetCmd), (32 bytes).
    Removing stm32f10x_rcc.o(i.RCC_AdjustHSICalibrationValue), (24 bytes).
    Removing stm32f10x_rcc.o(i.RCC_BackupResetCmd), (12 bytes).
    Removing stm32f10x_rcc.o(i.RCC_ClearFlag), (20 bytes).
    Removing stm32f10x_rcc.o(i.RCC_ClearITPendingBit), (12 bytes).
    Removing stm32f10x_rcc.o(i.RCC_ClockSecuritySystemCmd), (12 bytes).
    Removing stm32f10x_rcc.o(i.RCC_GetClocksFreq), (212 bytes).
    Removing stm32f10x_rcc.o(i.RCC_GetITStatus), (24 bytes).
    Removing stm32f10x_rcc.o(i.RCC_GetSYSCLKSource), (16 bytes).
    Removing stm32f10x_rcc.o(i.RCC_HCLKConfig), (24 bytes).
    Removing stm32f10x_rcc.o(i.RCC_ITConfig), (32 bytes).
    Removing stm32f10x_rcc.o(i.RCC_MCOConfig), (12 bytes).
    Removing stm32f10x_rcc.o(i.RCC_PLLCmd), (12 bytes).
    Removing stm32f10x_rcc.o(i.RCC_PLLConfig), (28 bytes).
    Removing stm32f10x_rcc.o(i.RCC_RTCCLKCmd), (12 bytes).
    Removing stm32f10x_rcc.o(i.RCC_RTCCLKConfig), (16 bytes).
    Removing stm32f10x_rcc.o(i.RCC_USBCLKConfig), (12 bytes).
    Removing stm32f10x_rcc.o(i.RCC_WaitForHSEStartUp), (72 bytes).
    Removing stm32f10x_rcc.o(.constdata), (20 bytes).
    Removing stm32f10x_rcc.o(.data), (5 bytes).
    Removing stm32f10x_sdio.o(i.SDIO_CEATAITCmd), (16 bytes).
    Removing stm32f10x_sdio.o(i.SDIO_ClearFlag), (12 bytes).
    Removing stm32f10x_sdio.o(i.SDIO_ClearITPendingBit), (12 bytes).
    Removing stm32f10x_sdio.o(i.SDIO_ClockCmd), (12 bytes).
    Removing stm32f10x_sdio.o(i.SDIO_CmdStructInit), (14 bytes).
    Removing stm32f10x_sdio.o(i.SDIO_CommandCompletionCmd), (12 bytes).
    Removing stm32f10x_sdio.o(i.SDIO_DMACmd), (12 bytes).
    Removing stm32f10x_sdio.o(i.SDIO_DataConfig), (48 bytes).
    Removing stm32f10x_sdio.o(i.SDIO_DataStructInit), (20 bytes).
    Removing stm32f10x_sdio.o(i.SDIO_DeInit), (36 bytes).
    Removing stm32f10x_sdio.o(i.SDIO_GetCommandResponse), (12 bytes).
    Removing stm32f10x_sdio.o(i.SDIO_GetDataCounter), (12 bytes).
    Removing stm32f10x_sdio.o(i.SDIO_GetFIFOCount), (12 bytes).
    Removing stm32f10x_sdio.o(i.SDIO_GetFlagStatus), (24 bytes).
    Removing stm32f10x_sdio.o(i.SDIO_GetITStatus), (24 bytes).
    Removing stm32f10x_sdio.o(i.SDIO_GetPowerState), (16 bytes).
    Removing stm32f10x_sdio.o(i.SDIO_GetResponse), (16 bytes).
    Removing stm32f10x_sdio.o(i.SDIO_ITConfig), (32 bytes).
    Removing stm32f10x_sdio.o(i.SDIO_Init), (48 bytes).
    Removing stm32f10x_sdio.o(i.SDIO_ReadData), (12 bytes).
    Removing stm32f10x_sdio.o(i.SDIO_SendCEATACmd), (12 bytes).
    Removing stm32f10x_sdio.o(i.SDIO_SendCommand), (44 bytes).
    Removing stm32f10x_sdio.o(i.SDIO_SendSDIOSuspendCmd), (12 bytes).
    Removing stm32f10x_sdio.o(i.SDIO_SetPowerState), (28 bytes).
    Removing stm32f10x_sdio.o(i.SDIO_SetSDIOOperation), (12 bytes).
    Removing stm32f10x_sdio.o(i.SDIO_SetSDIOReadWaitMode), (12 bytes).
    Removing stm32f10x_sdio.o(i.SDIO_StartSDIOReadWait), (12 bytes).
    Removing stm32f10x_sdio.o(i.SDIO_StopSDIOReadWait), (12 bytes).
    Removing stm32f10x_sdio.o(i.SDIO_StructInit), (16 bytes).
    Removing stm32f10x_sdio.o(i.SDIO_WriteData), (12 bytes).
    Removing stm32f10x_iwdg.o(i.IWDG_Enable), (16 bytes).
    Removing stm32f10x_iwdg.o(i.IWDG_GetFlagStatus), (24 bytes).
    Removing stm32f10x_iwdg.o(i.IWDG_ReloadCounter), (16 bytes).
    Removing stm32f10x_iwdg.o(i.IWDG_SetPrescaler), (12 bytes).
    Removing stm32f10x_iwdg.o(i.IWDG_SetReload), (12 bytes).
    Removing stm32f10x_iwdg.o(i.IWDG_WriteAccessCmd), (12 bytes).
    Removing stm32f10x_pwr.o(i.PWR_BackupAccessCmd), (12 bytes).
    Removing stm32f10x_pwr.o(i.PWR_ClearFlag), (20 bytes).
    Removing stm32f10x_pwr.o(i.PWR_DeInit), (22 bytes).
    Removing stm32f10x_pwr.o(i.PWR_EnterSTOPMode), (56 bytes).
    Removing stm32f10x_pwr.o(i.PWR_GetFlagStatus), (24 bytes).
    Removing stm32f10x_pwr.o(i.PWR_PVDCmd), (12 bytes).
    Removing stm32f10x_pwr.o(i.PWR_PVDLevelConfig), (24 bytes).
    Removing stm32f10x_pwr.o(i.__WFE), (4 bytes).
    Removing sys.o(i.NVIC_SetVectorTable), (20 bytes).
    Removing sys.o(i.SysTick_Init), (38 bytes).
    Removing sys.o(i.assert_failed), (32 bytes).
    Removing sys.o(i.fgetc), (16 bytes).
    Removing sys.o(i.iEXTI_Init), (256 bytes).
    Removing sys.o(i.iNVIC_Init), (228 bytes).
    Removing sys.o(i.iRCC_DeInit), (104 bytes).
    Removing sys.o(.constdata), (25 bytes).
    Removing gpio.o(.data), (4 bytes).
    Removing usart.o(i.UartGetByte), (18 bytes).
    Removing usart.o(i.UartGetByte2), (40 bytes).
    Removing usart.o(i.UartSendBuff), (28 bytes).
    Removing usart.o(i.UartSendStr), (26 bytes).
    Removing usart.o(.data), (4 bytes).
    Removing delay.o(i.delay_s), (32 bytes).
    Removing delay.o(i.delay_us), (128 bytes).
    Removing delay.o(.data), (4 bytes).
    Removing fsmc.o(i.FSMC_LCD_Init), (216 bytes).
    Removing fsmc.o(i.FSMC_NAND_Init), (300 bytes).
    Removing fsmc.o(i.FSMC_NAND_ReadID), (64 bytes).
    Removing fsmc.o(i.FSMC_NOR_Init), (448 bytes).
    Removing fsmc.o(i.FSMC_NOR_ReadID), (60 bytes).
    Removing fsmc.o(i.FSMC_SRAM_Init), (356 bytes).
    Removing fsmc.o(.data), (4 bytes).
    Removing spi.o(i.SPI_RW), (60 bytes).
    Removing spi.o(i.SPI_SetSpeed), (32 bytes).
    Removing spi.o(i.iSPI_Init), (160 bytes).
    Removing spi.o(.data), (4 bytes).
    Removing pwm.o(i.PWM_Init), (180 bytes).
    Removing tim.o(.data), (4 bytes).
    Removing ws2812.o(i.T0H), (24 bytes).
    Removing ws2812.o(i.T0L), (86 bytes).
    Removing ws2812.o(i.T1H), (82 bytes).
    Removing ws2812.o(i.T1L), (34 bytes).
    Removing ws2812.o(i.WS2812_Init), (36 bytes).
    Removing ws2812.o(i.WS2812b_WritePixel), (24 bytes).
    Removing ws2812.o(i.Ws2812bReset), (10 bytes).
    Removing ws2812.o(i.Ws2812bWrite8Bit), (428 bytes).
    Removing ws2812.o(i.Ws2812bWriteRGB), (28 bytes).
    Removing ws2812.o(.data), (4 bytes).
    Removing example.o(i.ExampleErollFp), (324 bytes).
    Removing example.o(i.ExampleSeachFp), (244 bytes).
    Removing example.o(i.FptEx_AutoEnroll), (318 bytes).
    Removing example.o(i.FptEx_AutoVery), (148 bytes).
    Removing example.o(i.FptEx_SaveChar), (186 bytes).
    Removing protocol.o(i.CMD_DataSend), (80 bytes).
    Removing protocol.o(i.CMD_GenCRC), (72 bytes).
    Removing protocol.o(i.CMD_Send), (88 bytes).
    Removing protocol.o(i.CMD_VerCRC), (62 bytes).
    Removing protocol.o(i.CommDataPakgeRev), (156 bytes).
    Removing protocol.o(i.CommDownDataInstruction), (178 bytes).
    Removing protocol.o(i.CommPakgeRev), (178 bytes).
    Removing protocol.o(i.CommSingleInstruction), (88 bytes).
    Removing protocol.o(i.CommUpDataInstruction), (148 bytes).
    Removing protocol.o(i.DelayMs), (28 bytes).
    Removing protocol.o(i.FunHandshakeModule), (74 bytes).
    Removing protocol.o(i.MakePackage), (66 bytes).
    Removing protocol.o(i.MakePackageHead), (52 bytes).
    Removing protocol.o(i.Port_Init), (28 bytes).
    Removing protocol.o(i.SY_memcpy), (20 bytes).
    Removing protocol.o(i.SY_memset), (18 bytes).
    Removing protocol.o(i.UartAdjust), (30 bytes).
    Removing protocol.o(.data), (4 bytes).
    Removing uartport.o(i.ClearRxBuff), (44 bytes).
    Removing uartport.o(i.ClearTxBuff), (28 bytes).
    Removing uartport.o(i.UARTSendByte), (16 bytes).
    Removing uartport.o(i.UartDataRev), (128 bytes).
    Removing uartport.o(i.UartDataSend), (30 bytes).
    Removing uartport.o(i.UartInterruptCallback), (2 bytes).
    Removing uartport.o(i.UartPortInit), (32 bytes).
    Removing uartport.o(.bss), (2048 bytes).
    Removing uartport.o(.data), (20 bytes).
    Removing util_queue.o(i.IsEmpty), (22 bytes).
    Removing util_queue.o(i.QueueFlush), (16 bytes).
    Removing util_queue.o(i.QueueGet), (66 bytes).
    Removing util_queue.o(i.QueueGet2), (60 bytes).
    Removing util_queue.o(.data), (4 bytes).

173 unused section(s) (total 11940 bytes) removed from the image.

==============================================================================

Image Symbol Table

    Local Symbols

    Symbol Name                              Value     Ov Type        Size  Object(Section)

    ../clib/angel/boardlib.s                 0x00000000   Number         0  boardshut.o ABSOLUTE
    ../clib/angel/boardlib.s                 0x00000000   Number         0  boardinit1.o ABSOLUTE
    ../clib/angel/boardlib.s                 0x00000000   Number         0  boardinit3.o ABSOLUTE
    ../clib/angel/boardlib.s                 0x00000000   Number         0  boardinit2.o ABSOLUTE
    ../clib/angel/handlers.s                 0x00000000   Number         0  __scatter_copy.o ABSOLUTE
    ../clib/angel/handlers.s                 0x00000000   Number         0  __scatter_zi.o ABSOLUTE
    ../clib/angel/kernel.s                   0x00000000   Number         0  rtentry4.o ABSOLUTE
    ../clib/angel/kernel.s                   0x00000000   Number         0  rtentry2.o ABSOLUTE
    ../clib/angel/kernel.s                   0x00000000   Number         0  rtentry.o ABSOLUTE
    ../clib/angel/kernel.s                   0x00000000   Number         0  rtexit2.o ABSOLUTE
    ../clib/angel/kernel.s                   0x00000000   Number         0  rtexit.o ABSOLUTE
    ../clib/angel/rt.s                       0x00000000   Number         0  rt_raise.o ABSOLUTE
    ../clib/angel/scatter.s                  0x00000000   Number         0  __scatter.o ABSOLUTE
    ../clib/angel/startup.s                  0x00000000   Number         0  __main.o ABSOLUTE
    ../clib/angel/sys.s                      0x00000000   Number         0  indicate_semi.o ABSOLUTE
    ../clib/angel/sys.s                      0x00000000   Number         0  use_no_semi_2.o ABSOLUTE
    ../clib/angel/sys.s                      0x00000000   Number         0  use_no_semi.o ABSOLUTE
    ../clib/angel/sys.s                      0x00000000   Number         0  libspace.o ABSOLUTE
    ../clib/angel/sys.s                      0x00000000   Number         0  sys_stackheap_outer.o ABSOLUTE
    ../clib/angel/sysapp.c                   0x00000000   Number         0  sys_command.o ABSOLUTE
    ../clib/angel/sysapp.c                   0x00000000   Number         0  sys_wrch.o ABSOLUTE
    ../clib/armsys.c                         0x00000000   Number         0  no_argv.o ABSOLUTE
    ../clib/armsys.c                         0x00000000   Number         0  _get_argv_nomalloc.o ABSOLUTE
    ../clib/armsys.c                         0x00000000   Number         0  argv_veneer.o ABSOLUTE
    ../clib/armsys.c                         0x00000000   Number         0  argv_veneer.o ABSOLUTE
    ../clib/heapalloc.c                      0x00000000   Number         0  hrguard.o ABSOLUTE
    ../clib/heapaux.c                        0x00000000   Number         0  heapauxi.o ABSOLUTE
    ../clib/libinit.s                        0x00000000   Number         0  libshutdown2.o ABSOLUTE
    ../clib/libinit.s                        0x00000000   Number         0  libshutdown.o ABSOLUTE
    ../clib/libinit.s                        0x00000000   Number         0  libinit2.o ABSOLUTE
    ../clib/libinit.s                        0x00000000   Number         0  libinit.o ABSOLUTE
    ../clib/misc.s                           0x00000000   Number         0  printf_stubs.o ABSOLUTE
    ../clib/printf.c                         0x00000000   Number         0  _printf_char.o ABSOLUTE
    ../clib/printf.c                         0x00000000   Number         0  __printf_wp.o ABSOLUTE
    ../clib/printf.c                         0x00000000   Number         0  __printf_flags_ss.o ABSOLUTE
    ../clib/printf.c                         0x00000000   Number         0  __printf_ss.o ABSOLUTE
    ../clib/printf.c                         0x00000000   Number         0  __printf_flags.o ABSOLUTE
    ../clib/printf.c                         0x00000000   Number         0  _printf_hex_int_ll_ptr.o ABSOLUTE
    ../clib/printf.c                         0x00000000   Number         0  _printf_hex_ll_ptr.o ABSOLUTE
    ../clib/printf.c                         0x00000000   Number         0  __2printf.o ABSOLUTE
    ../clib/printf.c                         0x00000000   Number         0  _printf_char_common.o ABSOLUTE
    ../clib/printf.c                         0x00000000   Number         0  noretval__2printf.o ABSOLUTE
    ../clib/printf.c                         0x00000000   Number         0  _printf_hex_ll.o ABSOLUTE
    ../clib/printf.c                         0x00000000   Number         0  _printf_hex_ptr.o ABSOLUTE
    ../clib/printf.c                         0x00000000   Number         0  _printf_hex_int_ll.o ABSOLUTE
    ../clib/printf.c                         0x00000000   Number         0  __printf_flags_ss_wp.o ABSOLUTE
    ../clib/printf.c                         0x00000000   Number         0  __printf_ss_wp.o ABSOLUTE
    ../clib/printf.c                         0x00000000   Number         0  __printf_flags_wp.o ABSOLUTE
    ../clib/printf.c                         0x00000000   Number         0  _printf_hex_int_ptr.o ABSOLUTE
    ../clib/printf.c                         0x00000000   Number         0  _printf_hex_int.o ABSOLUTE
    ../clib/printf.c                         0x00000000   Number         0  _printf_char_file.o ABSOLUTE
    ../clib/printf.c                         0x00000000   Number         0  __printf_nopercent.o ABSOLUTE
    ../clib/printf.c                         0x00000000   Number         0  _printf_intcommon.o ABSOLUTE
    ../clib/printf.c                         0x00000000   Number         0  _printf_dec.o ABSOLUTE
    ../clib/printf.c                         0x00000000   Number         0  _printf_str.o ABSOLUTE
    ../clib/printf.c                         0x00000000   Number         0  __printf.o ABSOLUTE
    ../clib/printf_percent.s                 0x00000000   Number         0  _printf_percent.o ABSOLUTE
    ../clib/printf_percent.s                 0x00000000   Number         0  _printf_s.o ABSOLUTE
    ../clib/printf_percent.s                 0x00000000   Number         0  _printf_percent_end.o ABSOLUTE
    ../clib/printf_percent.s                 0x00000000   Number         0  _printf_x.o ABSOLUTE
    ../clib/printf_percent.s                 0x00000000   Number         0  _printf_d.o ABSOLUTE
    ../clib/signal.c                         0x00000000   Number         0  defsig_exit.o ABSOLUTE
    ../clib/signal.c                         0x00000000   Number         0  defsig_rtmem_formal.o ABSOLUTE
    ../clib/signal.c                         0x00000000   Number         0  defsig_rtmem_inner.o ABSOLUTE
    ../clib/signal.c                         0x00000000   Number         0  defsig_rtmem_outer.o ABSOLUTE
    ../clib/signal.c                         0x00000000   Number         0  defsig_general.o ABSOLUTE
    ../clib/signal.c                         0x00000000   Number         0  defsig_other.o ABSOLUTE
    ../clib/signal.c                         0x00000000   Number         0  defsig_segv_inner.o ABSOLUTE
    ../clib/signal.c                         0x00000000   Number         0  defsig_pvfn_inner.o ABSOLUTE
    ../clib/signal.c                         0x00000000   Number         0  defsig_stak_inner.o ABSOLUTE
    ../clib/signal.c                         0x00000000   Number         0  defsig_rtred_inner.o ABSOLUTE
    ../clib/signal.c                         0x00000000   Number         0  defsig_fpe_inner.o ABSOLUTE
    ../clib/signal.c                         0x00000000   Number         0  defsig_abrt_inner.o ABSOLUTE
    ../clib/signal.c                         0x00000000   Number         0  defsig_cppl_inner.o ABSOLUTE
    ../clib/signal.c                         0x00000000   Number         0  __raise.o ABSOLUTE
    ../clib/signal.s                         0x00000000   Number         0  defsig.o ABSOLUTE
    ../clib/stdio.c                          0x00000000   Number         0  ferror_locked.o ABSOLUTE
    ../clib/stdio.c                          0x00000000   Number         0  ferror.o ABSOLUTE
    ../clib/stdlib.c                         0x00000000   Number         0  exit.o ABSOLUTE
    ../fplib/fpinit.s                        0x00000000   Number         0  fpinit.o ABSOLUTE
    ..\FingerPrint\Example.c                 0x00000000   Number         0  example.o ABSOLUTE
    ..\FingerPrint\Protocol.c                0x00000000   Number         0  protocol.o ABSOLUTE
    ..\FingerPrint\Uartport.c                0x00000000   Number         0  uartport.o ABSOLUTE
    ..\HARDWARE\src\ws2812.c                 0x00000000   Number         0  ws2812.o ABSOLUTE
    ..\STM32F10x_FWLib\src\stm32f10x_dma.c   0x00000000   Number         0  stm32f10x_dma.o ABSOLUTE
    ..\STM32F10x_FWLib\src\stm32f10x_gpio.c  0x00000000   Number         0  stm32f10x_gpio.o ABSOLUTE
    ..\STM32F10x_FWLib\src\stm32f10x_iwdg.c  0x00000000   Number         0  stm32f10x_iwdg.o ABSOLUTE
    ..\STM32F10x_FWLib\src\stm32f10x_pwr.c   0x00000000   Number         0  stm32f10x_pwr.o ABSOLUTE
    ..\STM32F10x_FWLib\src\stm32f10x_rcc.c   0x00000000   Number         0  stm32f10x_rcc.o ABSOLUTE
    ..\STM32F10x_FWLib\src\stm32f10x_sdio.c  0x00000000   Number         0  stm32f10x_sdio.o ABSOLUTE
    ..\SYSTEM\src\DELAY.c                    0x00000000   Number         0  delay.o ABSOLUTE
    ..\SYSTEM\src\FSMC.c                     0x00000000   Number         0  fsmc.o ABSOLUTE
    ..\SYSTEM\src\GPIO.c                     0x00000000   Number         0  gpio.o ABSOLUTE
    ..\SYSTEM\src\PWM.c                      0x00000000   Number         0  pwm.o ABSOLUTE
    ..\SYSTEM\src\SPI.c                      0x00000000   Number         0  spi.o ABSOLUTE
    ..\SYSTEM\src\SYS.c                      0x00000000   Number         0  sys.o ABSOLUTE
    ..\SYSTEM\src\TIM.c                      0x00000000   Number         0  tim.o ABSOLUTE
    ..\SYSTEM\src\USART.c                    0x00000000   Number         0  usart.o ABSOLUTE
    ..\util\util_queue.c                     0x00000000   Number         0  util_queue.o ABSOLUTE
    Main.c                                   0x00000000   Number         0  main.o ABSOLUTE
    dc.s                                     0x00000000   Number         0  dc.o ABSOLUTE
    startup_stm32f10x_hd.s                   0x00000000   Number         0  startup_stm32f10x_hd.o ABSOLUTE
    RESET                                    0x08000000   Section      304  startup_stm32f10x_hd.o(RESET)
    !!!main                                  0x08000130   Section        8  __main.o(!!!main)
    !!!scatter                               0x08000138   Section       52  __scatter.o(!!!scatter)
    !!handler_copy                           0x0800016c   Section       26  __scatter_copy.o(!!handler_copy)
    !!handler_zi                             0x08000188   Section       28  __scatter_zi.o(!!handler_zi)
    .ARM.Collect$$_printf_percent$$00000000  0x080001a4   Section        0  _printf_percent.o(.ARM.Collect$$_printf_percent$$00000000)
    .ARM.Collect$$_printf_percent$$00000009  0x080001a4   Section        6  _printf_d.o(.ARM.Collect$$_printf_percent$$00000009)
    .ARM.Collect$$_printf_percent$$00000014  0x080001aa   Section        6  _printf_s.o(.ARM.Collect$$_printf_percent$$00000014)
    .ARM.Collect$$_printf_percent$$00000017  0x080001b0   Section        4  _printf_percent_end.o(.ARM.Collect$$_printf_percent$$00000017)
    .ARM.Collect$$libinit$$00000000          0x080001b4   Section        2  libinit.o(.ARM.Collect$$libinit$$00000000)
    .ARM.Collect$$libinit$$00000002          0x080001b6   Section        0  libinit2.o(.ARM.Collect$$libinit$$00000002)
    .ARM.Collect$$libinit$$00000008          0x080001b6   Section        0  libinit2.o(.ARM.Collect$$libinit$$00000008)
    .ARM.Collect$$libinit$$0000000A          0x080001b6   Section        0  libinit2.o(.ARM.Collect$$libinit$$0000000A)
    .ARM.Collect$$libinit$$0000000C          0x080001b6   Section        0  libinit2.o(.ARM.Collect$$libinit$$0000000C)
    .ARM.Collect$$libinit$$0000000F          0x080001b6   Section        0  libinit2.o(.ARM.Collect$$libinit$$0000000F)
    .ARM.Collect$$libinit$$00000011          0x080001b6   Section        0  libinit2.o(.ARM.Collect$$libinit$$00000011)
    .ARM.Collect$$libinit$$00000013          0x080001b6   Section        0  libinit2.o(.ARM.Collect$$libinit$$00000013)
    .ARM.Collect$$libinit$$00000015          0x080001b6   Section        0  libinit2.o(.ARM.Collect$$libinit$$00000015)
    .ARM.Collect$$libinit$$00000017          0x080001b6   Section        0  libinit2.o(.ARM.Collect$$libinit$$00000017)
    .ARM.Collect$$libinit$$00000019          0x080001b6   Section        0  libinit2.o(.ARM.Collect$$libinit$$00000019)
    .ARM.Collect$$libinit$$0000001B          0x080001b6   Section        0  libinit2.o(.ARM.Collect$$libinit$$0000001B)
    .ARM.Collect$$libinit$$0000001D          0x080001b6   Section        0  libinit2.o(.ARM.Collect$$libinit$$0000001D)
    .ARM.Collect$$libinit$$0000001F          0x080001b6   Section        0  libinit2.o(.ARM.Collect$$libinit$$0000001F)
    .ARM.Collect$$libinit$$00000021          0x080001b6   Section        0  libinit2.o(.ARM.Collect$$libinit$$00000021)
    .ARM.Collect$$libinit$$00000023          0x080001b6   Section        0  libinit2.o(.ARM.Collect$$libinit$$00000023)
    .ARM.Collect$$libinit$$0000002A          0x080001b6   Section        0  libinit2.o(.ARM.Collect$$libinit$$0000002A)
    .ARM.Collect$$libinit$$0000002C          0x080001b6   Section        0  libinit2.o(.ARM.Collect$$libinit$$0000002C)
    .ARM.Collect$$libinit$$0000002E          0x080001b6   Section        0  libinit2.o(.ARM.Collect$$libinit$$0000002E)
    .ARM.Collect$$libinit$$00000030          0x080001b6   Section        0  libinit2.o(.ARM.Collect$$libinit$$00000030)
    .ARM.Collect$$libinit$$00000031          0x080001b6   Section        2  libinit2.o(.ARM.Collect$$libinit$$00000031)
    .ARM.Collect$$libshutdown$$00000000      0x080001b8   Section        2  libshutdown.o(.ARM.Collect$$libshutdown$$00000000)
    .ARM.Collect$$libshutdown$$00000003      0x080001ba   Section        0  libshutdown2.o(.ARM.Collect$$libshutdown$$00000003)
    .ARM.Collect$$libshutdown$$00000006      0x080001ba   Section        0  libshutdown2.o(.ARM.Collect$$libshutdown$$00000006)
    .ARM.Collect$$libshutdown$$00000009      0x080001ba   Section        0  libshutdown2.o(.ARM.Collect$$libshutdown$$00000009)
    .ARM.Collect$$libshutdown$$0000000B      0x080001ba   Section        0  libshutdown2.o(.ARM.Collect$$libshutdown$$0000000B)
    .ARM.Collect$$libshutdown$$0000000E      0x080001ba   Section        0  libshutdown2.o(.ARM.Collect$$libshutdown$$0000000E)
    .ARM.Collect$$libshutdown$$0000000F      0x080001ba   Section        2  libshutdown2.o(.ARM.Collect$$libshutdown$$0000000F)
    .ARM.Collect$$rtentry$$00000000          0x080001bc   Section        0  rtentry.o(.ARM.Collect$$rtentry$$00000000)
    .ARM.Collect$$rtentry$$00000002          0x080001bc   Section        0  rtentry2.o(.ARM.Collect$$rtentry$$00000002)
    .ARM.Collect$$rtentry$$00000004          0x080001bc   Section        6  rtentry4.o(.ARM.Collect$$rtentry$$00000004)
    .ARM.Collect$$rtentry$$00000009          0x080001c2   Section        0  rtentry2.o(.ARM.Collect$$rtentry$$00000009)
    .ARM.Collect$$rtentry$$0000000A          0x080001c2   Section        4  rtentry2.o(.ARM.Collect$$rtentry$$0000000A)
    .ARM.Collect$$rtentry$$0000000C          0x080001c6   Section        0  rtentry2.o(.ARM.Collect$$rtentry$$0000000C)
    .ARM.Collect$$rtentry$$0000000D          0x080001c6   Section        8  rtentry2.o(.ARM.Collect$$rtentry$$0000000D)
    .ARM.Collect$$rtexit$$00000000           0x080001ce   Section        2  rtexit.o(.ARM.Collect$$rtexit$$00000000)
    .ARM.Collect$$rtexit$$00000002           0x080001d0   Section        0  rtexit2.o(.ARM.Collect$$rtexit$$00000002)
    .ARM.Collect$$rtexit$$00000003           0x080001d0   Section        4  rtexit2.o(.ARM.Collect$$rtexit$$00000003)
    .ARM.Collect$$rtexit$$00000004           0x080001d4   Section        6  rtexit2.o(.ARM.Collect$$rtexit$$00000004)
    .text                                    0x080001dc   Section       68  startup_stm32f10x_hd.o(.text)
    .text                                    0x08000220   Section        2  use_no_semi_2.o(.text)
    .text                                    0x08000224   Section        0  noretval__2printf.o(.text)
    .text                                    0x0800023c   Section        0  _printf_str.o(.text)
    .text                                    0x08000290   Section        0  _printf_dec.o(.text)
    .text                                    0x08000308   Section        0  __printf_wp.o(.text)
    .text                                    0x08000416   Section        0  heapauxi.o(.text)
    .text                                    0x0800041c   Section        2  use_no_semi.o(.text)
    .text                                    0x0800041e   Section        0  _printf_intcommon.o(.text)
    .text                                    0x080004d6   Section        0  _printf_char.o(.text)
    .text                                    0x08000504   Section        0  _printf_char_file.o(.text)
    .text                                    0x08000528   Section        0  _printf_char_common.o(.text)
    _printf_input_char                       0x08000529   Thumb Code    10  _printf_char_common.o(.text)
    .text                                    0x08000558   Section        0  ferror.o(.text)
    .text                                    0x08000560   Section       74  sys_stackheap_outer.o(.text)
    .text                                    0x080005aa   Section        0  exit.o(.text)
    .text                                    0x080005b8   Section        8  libspace.o(.text)
    i.Delay_Init                             0x080005c0   Section        0  delay.o(i.Delay_Init)
    i.IsFull                                 0x080005d0   Section        0  util_queue.o(i.IsFull)
    i.JTAG_Set                               0x080005f4   Section        0  sys.o(i.JTAG_Set)
    i.MCU_INIT                               0x08000624   Section        0  sys.o(i.MCU_INIT)
    i.NVIC_PriorityGroupConfig               0x08000680   Section        0  sys.o(i.NVIC_PriorityGroupConfig)
    i.PWR_EnterSTANDBYMode                   0x080006b8   Section        0  stm32f10x_pwr.o(i.PWR_EnterSTANDBYMode)
    i.PWR_WakeUpPinCmd                       0x080006ec   Section        0  stm32f10x_pwr.o(i.PWR_WakeUpPinCmd)
    i.QueueInit                              0x080006f8   Section        0  util_queue.o(i.QueueInit)
    i.QueuePut                               0x08000710   Section        0  util_queue.o(i.QueuePut)
    i.RCC_APB1PeriphClockCmd                 0x08000750   Section        0  stm32f10x_rcc.o(i.RCC_APB1PeriphClockCmd)
    i.RCC_DeInit                             0x08000770   Section        0  stm32f10x_rcc.o(i.RCC_DeInit)
    i.RCC_GetFlagStatus                      0x080007bc   Section        0  stm32f10x_rcc.o(i.RCC_GetFlagStatus)
    i.RCC_HSEConfig                          0x080007f8   Section        0  stm32f10x_rcc.o(i.RCC_HSEConfig)
    i.RCC_HSICmd                             0x08000844   Section        0  stm32f10x_rcc.o(i.RCC_HSICmd)
    i.RCC_LSEConfig                          0x08000850   Section        0  stm32f10x_rcc.o(i.RCC_LSEConfig)
    i.RCC_LSICmd                             0x08000884   Section        0  stm32f10x_rcc.o(i.RCC_LSICmd)
    i.RCC_PCLK1Config                        0x08000890   Section        0  stm32f10x_rcc.o(i.RCC_PCLK1Config)
    i.RCC_PCLK2Config                        0x080008a8   Section        0  stm32f10x_rcc.o(i.RCC_PCLK2Config)
    i.RCC_SW                                 0x080008c0   Section        0  sys.o(i.RCC_SW)
    i.RCC_SYSCLKConfig                       0x080008f4   Section        0  stm32f10x_rcc.o(i.RCC_SYSCLKConfig)
    i.SystemInit                             0x0800090c   Section        0  main.o(i.SystemInit)
    i.Timer_Init                             0x080009d0   Section        0  tim.o(i.Timer_Init)
    i.USART1_IRQHandler                      0x08000a0c   Section        0  usart.o(i.USART1_IRQHandler)
    i.USART2_IRQHandler                      0x08000a28   Section        0  usart.o(i.USART2_IRQHandler)
    i.UartGetByte3                           0x08000a58   Section        0  usart.o(i.UartGetByte3)
    i.UartSendByte                           0x08000a6e   Section        0  usart.o(i.UartSendByte)
    i.Uart_Init                              0x08000a7c   Section        0  usart.o(i.Uart_Init)
    i.__WFI                                  0x08000b9c   Section        0  stm32f10x_pwr.o(i.__WFI)
    i._is_digit                              0x08000ba0   Section        0  __printf_wp.o(i._is_digit)
    i._sys_exit                              0x08000bae   Section        0  sys.o(i._sys_exit)
    i.delay_ms                               0x08000bb4   Section        0  delay.o(i.delay_ms)
    i.fputc                                  0x08000c04   Section        0  sys.o(i.fputc)
    i.iGPIO_Init                             0x08000c1c   Section        0  gpio.o(i.iGPIO_Init)
    i.main                                   0x08000c90   Section        0  main.o(i.main)
    .data                                    0x20000000   Section       31  main.o(.data)
    RP                                       0x20000000   Data           4  main.o(.data)
    .data                                    0x20000020   Section       12  sys.o(.data)
    RP                                       0x20000020   Data           4  sys.o(.data)
    .bss                                     0x2000002c   Section      264  usart.o(.bss)
    .bss                                     0x20000134   Section       96  libspace.o(.bss)
    HEAP                                     0x20000198   Section        0  startup_stm32f10x_hd.o(HEAP)
    STACK                                    0x20000198   Section     2048  startup_stm32f10x_hd.o(STACK)
    Heap_Mem                                 0x20000198   Data           0  startup_stm32f10x_hd.o(HEAP)
    Stack_Mem                                0x20000198   Data        2048  startup_stm32f10x_hd.o(STACK)
    __initial_sp                             0x20000998   Data           0  startup_stm32f10x_hd.o(STACK)

    Global Symbols

    Symbol Name                              Value     Ov Type        Size  Object(Section)

    BuildAttributes$$THM_ISAv4$P$D$K$B$S$PE$A:L22UL41UL21$X:L11$S22US41US21$IEEE1$IW$USESV6$~STKCKD$USESV7$~SHL$OSPACE$ROPI$EBA8$UX$STANDARDLIB$REQ8$PRES8$EABIv2 0x00000000   Number         0  anon$$obj.o ABSOLUTE
    __ARM_use_no_argv                        0x00000000   Number         0  main.o ABSOLUTE
    _printf_flags                            0x00000000   Number         0  printf_stubs.o ABSOLUTE
    _printf_return_value                     0x00000000   Number         0  printf_stubs.o ABSOLUTE
    _printf_sizespec                         0x00000000   Number         0  printf_stubs.o ABSOLUTE
    _printf_widthprec                        0x00000000   Number         0  printf_stubs.o ABSOLUTE
    __ARM_exceptions_init                     - Undefined Weak Reference
    __alloca_initialize                       - Undefined Weak Reference
    __cpp_initialize__aeabi_                  - Undefined Weak Reference
    __cxa_finalize                            - Undefined Weak Reference
    __rt_locale                               - Undefined Weak Reference
    __sigvec_lookup                           - Undefined Weak Reference
    _atexit_init                              - Undefined Weak Reference
    _call_atexit_fns                          - Undefined Weak Reference
    _clock_init                               - Undefined Weak Reference
    _fp_trap_init                             - Undefined Weak Reference
    _fp_trap_shutdown                         - Undefined Weak Reference
    _get_lc_collate                           - Undefined Weak Reference
    _get_lc_ctype                             - Undefined Weak Reference
    _get_lc_monetary                          - Undefined Weak Reference
    _get_lc_numeric                           - Undefined Weak Reference
    _get_lc_time                              - Undefined Weak Reference
    _getenv_init                              - Undefined Weak Reference
    _handle_redirection                       - Undefined Weak Reference
    _init_alloc                               - Undefined Weak Reference
    _init_user_alloc                          - Undefined Weak Reference
    _initio                                   - Undefined Weak Reference
    _mutex_acquire                            - Undefined Weak Reference
    _mutex_release                            - Undefined Weak Reference
    _printf_mbtowc                            - Undefined Weak Reference
    _printf_post_padding                      - Undefined Weak Reference
    _printf_pre_padding                       - Undefined Weak Reference
    _printf_truncate_signed                   - Undefined Weak Reference
    _printf_truncate_unsigned                 - Undefined Weak Reference
    _rand_init                                - Undefined Weak Reference
    _signal_finish                            - Undefined Weak Reference
    _signal_init                              - Undefined Weak Reference
    _terminate_alloc                          - Undefined Weak Reference
    _terminate_user_alloc                     - Undefined Weak Reference
    _terminateio                              - Undefined Weak Reference
    __Vectors_Size                           0x00000130   Number         0  startup_stm32f10x_hd.o ABSOLUTE
    __Vectors                                0x08000000   Data           4  startup_stm32f10x_hd.o(RESET)
    __Vectors_End                            0x08000130   Data           0  startup_stm32f10x_hd.o(RESET)
    __main                                   0x08000131   Thumb Code     8  __main.o(!!!main)
    __scatterload                            0x08000139   Thumb Code     0  __scatter.o(!!!scatter)
    __scatterload_rt2                        0x08000139   Thumb Code    44  __scatter.o(!!!scatter)
    __scatterload_rt2_thumb_only             0x08000139   Thumb Code     0  __scatter.o(!!!scatter)
    __scatterload_null                       0x08000147   Thumb Code     0  __scatter.o(!!!scatter)
    __scatterload_copy                       0x0800016d   Thumb Code    26  __scatter_copy.o(!!handler_copy)
    __scatterload_zeroinit                   0x08000189   Thumb Code    28  __scatter_zi.o(!!handler_zi)
    _printf_d                                0x080001a5   Thumb Code     0  _printf_d.o(.ARM.Collect$$_printf_percent$$00000009)
    _printf_percent                          0x080001a5   Thumb Code     0  _printf_percent.o(.ARM.Collect$$_printf_percent$$00000000)
    _printf_s                                0x080001ab   Thumb Code     0  _printf_s.o(.ARM.Collect$$_printf_percent$$00000014)
    _printf_percent_end                      0x080001b1   Thumb Code     0  _printf_percent_end.o(.ARM.Collect$$_printf_percent$$00000017)
    __rt_lib_init                            0x080001b5   Thumb Code     0  libinit.o(.ARM.Collect$$libinit$$00000000)
    __rt_lib_init_alloca_1                   0x080001b7   Thumb Code     0  libinit2.o(.ARM.Collect$$libinit$$0000002C)
    __rt_lib_init_argv_1                     0x080001b7   Thumb Code     0  libinit2.o(.ARM.Collect$$libinit$$0000002A)
    __rt_lib_init_atexit_1                   0x080001b7   Thumb Code     0  libinit2.o(.ARM.Collect$$libinit$$00000019)
    __rt_lib_init_clock_1                    0x080001b7   Thumb Code     0  libinit2.o(.ARM.Collect$$libinit$$0000001F)
    __rt_lib_init_cpp_1                      0x080001b7   Thumb Code     0  libinit2.o(.ARM.Collect$$libinit$$00000030)
    __rt_lib_init_exceptions_1               0x080001b7   Thumb Code     0  libinit2.o(.ARM.Collect$$libinit$$0000002E)
    __rt_lib_init_fp_1                       0x080001b7   Thumb Code     0  libinit2.o(.ARM.Collect$$libinit$$00000002)
    __rt_lib_init_fp_trap_1                  0x080001b7   Thumb Code     0  libinit2.o(.ARM.Collect$$libinit$$0000001D)
    __rt_lib_init_getenv_1                   0x080001b7   Thumb Code     0  libinit2.o(.ARM.Collect$$libinit$$00000021)
    __rt_lib_init_heap_1                     0x080001b7   Thumb Code     0  libinit2.o(.ARM.Collect$$libinit$$00000008)
    __rt_lib_init_lc_collate_1               0x080001b7   Thumb Code     0  libinit2.o(.ARM.Collect$$libinit$$0000000F)
    __rt_lib_init_lc_ctype_1                 0x080001b7   Thumb Code     0  libinit2.o(.ARM.Collect$$libinit$$00000011)
    __rt_lib_init_lc_monetary_1              0x080001b7   Thumb Code     0  libinit2.o(.ARM.Collect$$libinit$$00000013)
    __rt_lib_init_lc_numeric_1               0x080001b7   Thumb Code     0  libinit2.o(.ARM.Collect$$libinit$$00000015)
    __rt_lib_init_lc_time_1                  0x080001b7   Thumb Code     0  libinit2.o(.ARM.Collect$$libinit$$00000017)
    __rt_lib_init_rand_1                     0x080001b7   Thumb Code     0  libinit2.o(.ARM.Collect$$libinit$$0000000C)
    __rt_lib_init_return                     0x080001b7   Thumb Code     0  libinit2.o(.ARM.Collect$$libinit$$00000031)
    __rt_lib_init_signal_1                   0x080001b7   Thumb Code     0  libinit2.o(.ARM.Collect$$libinit$$0000001B)
    __rt_lib_init_stdio_1                    0x080001b7   Thumb Code     0  libinit2.o(.ARM.Collect$$libinit$$00000023)
    __rt_lib_init_user_alloc_1               0x080001b7   Thumb Code     0  libinit2.o(.ARM.Collect$$libinit$$0000000A)
    __rt_lib_shutdown                        0x080001b9   Thumb Code     0  libshutdown.o(.ARM.Collect$$libshutdown$$00000000)
    __rt_lib_shutdown_fp_trap_1              0x080001bb   Thumb Code     0  libshutdown2.o(.ARM.Collect$$libshutdown$$00000006)
    __rt_lib_shutdown_heap_1                 0x080001bb   Thumb Code     0  libshutdown2.o(.ARM.Collect$$libshutdown$$0000000E)
    __rt_lib_shutdown_return                 0x080001bb   Thumb Code     0  libshutdown2.o(.ARM.Collect$$libshutdown$$0000000F)
    __rt_lib_shutdown_signal_1               0x080001bb   Thumb Code     0  libshutdown2.o(.ARM.Collect$$libshutdown$$00000009)
    __rt_lib_shutdown_stdio_1                0x080001bb   Thumb Code     0  libshutdown2.o(.ARM.Collect$$libshutdown$$00000003)
    __rt_lib_shutdown_user_alloc_1           0x080001bb   Thumb Code     0  libshutdown2.o(.ARM.Collect$$libshutdown$$0000000B)
    __rt_entry                               0x080001bd   Thumb Code     0  rtentry.o(.ARM.Collect$$rtentry$$00000000)
    __rt_entry_presh_1                       0x080001bd   Thumb Code     0  rtentry2.o(.ARM.Collect$$rtentry$$00000002)
    __rt_entry_sh                            0x080001bd   Thumb Code     0  rtentry4.o(.ARM.Collect$$rtentry$$00000004)
    __rt_entry_li                            0x080001c3   Thumb Code     0  rtentry2.o(.ARM.Collect$$rtentry$$0000000A)
    __rt_entry_postsh_1                      0x080001c3   Thumb Code     0  rtentry2.o(.ARM.Collect$$rtentry$$00000009)
    __rt_entry_main                          0x080001c7   Thumb Code     0  rtentry2.o(.ARM.Collect$$rtentry$$0000000D)
    __rt_entry_postli_1                      0x080001c7   Thumb Code     0  rtentry2.o(.ARM.Collect$$rtentry$$0000000C)
    __rt_exit                                0x080001cf   Thumb Code     0  rtexit.o(.ARM.Collect$$rtexit$$00000000)
    __rt_exit_ls                             0x080001d1   Thumb Code     0  rtexit2.o(.ARM.Collect$$rtexit$$00000003)
    __rt_exit_prels_1                        0x080001d1   Thumb Code     0  rtexit2.o(.ARM.Collect$$rtexit$$00000002)
    __rt_exit_exit                           0x080001d5   Thumb Code     0  rtexit2.o(.ARM.Collect$$rtexit$$00000004)
    SystemInit_ExtMemCtl                     0x080001dd   Thumb Code     2  startup_stm32f10x_hd.o(.text)
    Reset_Handler                            0x080001df   Thumb Code    14  startup_stm32f10x_hd.o(.text)
    NMI_Handler                              0x080001ed   Thumb Code     2  startup_stm32f10x_hd.o(.text)
    HardFault_Handler                        0x080001ef   Thumb Code     2  startup_stm32f10x_hd.o(.text)
    MemManage_Handler                        0x080001f1   Thumb Code     2  startup_stm32f10x_hd.o(.text)
    BusFault_Handler                         0x080001f3   Thumb Code     2  startup_stm32f10x_hd.o(.text)
    UsageFault_Handler                       0x080001f5   Thumb Code     2  startup_stm32f10x_hd.o(.text)
    SVC_Handler                              0x080001f7   Thumb Code     2  startup_stm32f10x_hd.o(.text)
    DebugMon_Handler                         0x080001f9   Thumb Code     2  startup_stm32f10x_hd.o(.text)
    ADC1_2_IRQHandler                        0x080001fb   Thumb Code     0  startup_stm32f10x_hd.o(.text)
    ADC3_IRQHandler                          0x080001fb   Thumb Code     0  startup_stm32f10x_hd.o(.text)
    CAN1_RX1_IRQHandler                      0x080001fb   Thumb Code     0  startup_stm32f10x_hd.o(.text)
    CAN1_SCE_IRQHandler                      0x080001fb   Thumb Code     0  startup_stm32f10x_hd.o(.text)
    DMA1_Channel1_IRQHandler                 0x080001fb   Thumb Code     0  startup_stm32f10x_hd.o(.text)
    DMA1_Channel2_IRQHandler                 0x080001fb   Thumb Code     0  startup_stm32f10x_hd.o(.text)
    DMA1_Channel3_IRQHandler                 0x080001fb   Thumb Code     0  startup_stm32f10x_hd.o(.text)
    DMA1_Channel4_IRQHandler                 0x080001fb   Thumb Code     0  startup_stm32f10x_hd.o(.text)
    DMA1_Channel5_IRQHandler                 0x080001fb   Thumb Code     0  startup_stm32f10x_hd.o(.text)
    DMA1_Channel6_IRQHandler                 0x080001fb   Thumb Code     0  startup_stm32f10x_hd.o(.text)
    DMA1_Channel7_IRQHandler                 0x080001fb   Thumb Code     0  startup_stm32f10x_hd.o(.text)
    DMA2_Channel1_IRQHandler                 0x080001fb   Thumb Code     0  startup_stm32f10x_hd.o(.text)
    DMA2_Channel2_IRQHandler                 0x080001fb   Thumb Code     0  startup_stm32f10x_hd.o(.text)
    DMA2_Channel3_IRQHandler                 0x080001fb   Thumb Code     0  startup_stm32f10x_hd.o(.text)
    DMA2_Channel4_5_IRQHandler               0x080001fb   Thumb Code     0  startup_stm32f10x_hd.o(.text)
    EXTI0_IRQHandler                         0x080001fb   Thumb Code     0  startup_stm32f10x_hd.o(.text)
    EXTI15_10_IRQHandler                     0x080001fb   Thumb Code     0  startup_stm32f10x_hd.o(.text)
    EXTI1_IRQHandler                         0x080001fb   Thumb Code     0  startup_stm32f10x_hd.o(.text)
    EXTI2_IRQHandler                         0x080001fb   Thumb Code     0  startup_stm32f10x_hd.o(.text)
    EXTI3_IRQHandler                         0x080001fb   Thumb Code     0  startup_stm32f10x_hd.o(.text)
    EXTI4_IRQHandler                         0x080001fb   Thumb Code     0  startup_stm32f10x_hd.o(.text)
    EXTI9_5_IRQHandler                       0x080001fb   Thumb Code     0  startup_stm32f10x_hd.o(.text)
    FLASH_IRQHandler                         0x080001fb   Thumb Code     0  startup_stm32f10x_hd.o(.text)
    FSMC_IRQHandler                          0x080001fb   Thumb Code     0  startup_stm32f10x_hd.o(.text)
    I2C1_ER_IRQHandler                       0x080001fb   Thumb Code     0  startup_stm32f10x_hd.o(.text)
    I2C1_EV_IRQHandler                       0x080001fb   Thumb Code     0  startup_stm32f10x_hd.o(.text)
    I2C2_ER_IRQHandler                       0x080001fb   Thumb Code     0  startup_stm32f10x_hd.o(.text)
    I2C2_EV_IRQHandler                       0x080001fb   Thumb Code     0  startup_stm32f10x_hd.o(.text)
    PVD_IRQHandler                           0x080001fb   Thumb Code     0  startup_stm32f10x_hd.o(.text)
    RCC_IRQHandler                           0x080001fb   Thumb Code     0  startup_stm32f10x_hd.o(.text)
    RTCAlarm_IRQHandler                      0x080001fb   Thumb Code     0  startup_stm32f10x_hd.o(.text)
    RTC_IRQHandler                           0x080001fb   Thumb Code     0  startup_stm32f10x_hd.o(.text)
    SDIO_IRQHandler                          0x080001fb   Thumb Code     0  startup_stm32f10x_hd.o(.text)
    SPI1_IRQHandler                          0x080001fb   Thumb Code     0  startup_stm32f10x_hd.o(.text)
    SPI2_IRQHandler                          0x080001fb   Thumb Code     0  startup_stm32f10x_hd.o(.text)
    SPI3_IRQHandler                          0x080001fb   Thumb Code     0  startup_stm32f10x_hd.o(.text)
    TAMPER_IRQHandler                        0x080001fb   Thumb Code     0  startup_stm32f10x_hd.o(.text)
    TIM1_BRK_IRQHandler                      0x080001fb   Thumb Code     0  startup_stm32f10x_hd.o(.text)
    TIM1_CC_IRQHandler                       0x080001fb   Thumb Code     0  startup_stm32f10x_hd.o(.text)
    TIM1_TRG_COM_IRQHandler                  0x080001fb   Thumb Code     0  startup_stm32f10x_hd.o(.text)
    TIM1_UP_IRQHandler                       0x080001fb   Thumb Code     0  startup_stm32f10x_hd.o(.text)
    TIM2_IRQHandler                          0x080001fb   Thumb Code     0  startup_stm32f10x_hd.o(.text)
    TIM3_IRQHandler                          0x080001fb   Thumb Code     0  startup_stm32f10x_hd.o(.text)
    TIM4_IRQHandler                          0x080001fb   Thumb Code     0  startup_stm32f10x_hd.o(.text)
    TIM5_IRQHandler                          0x080001fb   Thumb Code     0  startup_stm32f10x_hd.o(.text)
    TIM6_IRQHandler                          0x080001fb   Thumb Code     0  startup_stm32f10x_hd.o(.text)
    TIM7_IRQHandler                          0x080001fb   Thumb Code     0  startup_stm32f10x_hd.o(.text)
    TIM8_BRK_IRQHandler                      0x080001fb   Thumb Code     0  startup_stm32f10x_hd.o(.text)
    TIM8_CC_IRQHandler                       0x080001fb   Thumb Code     0  startup_stm32f10x_hd.o(.text)
    TIM8_TRG_COM_IRQHandler                  0x080001fb   Thumb Code     0  startup_stm32f10x_hd.o(.text)
    TIM8_UP_IRQHandler                       0x080001fb   Thumb Code     0  startup_stm32f10x_hd.o(.text)
    UART4_IRQHandler                         0x080001fb   Thumb Code     0  startup_stm32f10x_hd.o(.text)
    UART5_IRQHandler                         0x080001fb   Thumb Code     0  startup_stm32f10x_hd.o(.text)
    USART3_IRQHandler                        0x080001fb   Thumb Code     0  startup_stm32f10x_hd.o(.text)
    USBWakeUp_IRQHandler                     0x080001fb   Thumb Code     0  startup_stm32f10x_hd.o(.text)
    USB_HP_CAN1_TX_IRQHandler                0x080001fb   Thumb Code     0  startup_stm32f10x_hd.o(.text)
    USB_LP_CAN1_RX0_IRQHandler               0x080001fb   Thumb Code     0  startup_stm32f10x_hd.o(.text)
    WWDG_IRQHandler                          0x080001fb   Thumb Code     0  startup_stm32f10x_hd.o(.text)
    __user_initial_stackheap                 0x080001fd   Thumb Code     0  startup_stm32f10x_hd.o(.text)
    __use_no_semihosting                     0x08000221   Thumb Code     2  use_no_semi_2.o(.text)
    __2printf                                0x08000225   Thumb Code    20  noretval__2printf.o(.text)
    _printf_str                              0x0800023d   Thumb Code    82  _printf_str.o(.text)
    _printf_int_dec                          0x08000291   Thumb Code   102  _printf_dec.o(.text)
    __printf                                 0x08000309   Thumb Code   270  __printf_wp.o(.text)
    __use_two_region_memory                  0x08000417   Thumb Code     2  heapauxi.o(.text)
    __rt_heap_escrow$2region                 0x08000419   Thumb Code     2  heapauxi.o(.text)
    __rt_heap_expand$2region                 0x0800041b   Thumb Code     2  heapauxi.o(.text)
    __I$use$semihosting                      0x0800041d   Thumb Code     0  use_no_semi.o(.text)
    __use_no_semihosting_swi                 0x0800041d   Thumb Code     2  use_no_semi.o(.text)
    _printf_int_common                       0x0800041f   Thumb Code   184  _printf_intcommon.o(.text)
    _printf_cs_common                        0x080004d7   Thumb Code    20  _printf_char.o(.text)
    _printf_char                             0x080004eb   Thumb Code    16  _printf_char.o(.text)
    _printf_string                           0x080004fb   Thumb Code     8  _printf_char.o(.text)
    _printf_char_file                        0x08000505   Thumb Code    32  _printf_char_file.o(.text)
    _printf_char_common                      0x08000533   Thumb Code    32  _printf_char_common.o(.text)
    ferror                                   0x08000559   Thumb Code     8  ferror.o(.text)
    __user_setup_stackheap                   0x08000561   Thumb Code    74  sys_stackheap_outer.o(.text)
    exit                                     0x080005ab   Thumb Code    12  exit.o(.text)
    __user_libspace                          0x080005b9   Thumb Code     8  libspace.o(.text)
    __user_perproc_libspace                  0x080005b9   Thumb Code     0  libspace.o(.text)
    __user_perthread_libspace                0x080005b9   Thumb Code     0  libspace.o(.text)
    Delay_Init                               0x080005c1   Thumb Code    16  delay.o(i.Delay_Init)
    IsFull                                   0x080005d1   Thumb Code    36  util_queue.o(i.IsFull)
    JTAG_Set                                 0x080005f5   Thumb Code    38  sys.o(i.JTAG_Set)
    MCU_INIT                                 0x08000625   Thumb Code    90  sys.o(i.MCU_INIT)
    NVIC_PriorityGroupConfig                 0x08000681   Thumb Code    52  sys.o(i.NVIC_PriorityGroupConfig)
    PWR_EnterSTANDBYMode                     0x080006b9   Thumb Code    42  stm32f10x_pwr.o(i.PWR_EnterSTANDBYMode)
    PWR_WakeUpPinCmd                         0x080006ed   Thumb Code     6  stm32f10x_pwr.o(i.PWR_WakeUpPinCmd)
    QueueInit                                0x080006f9   Thumb Code    24  util_queue.o(i.QueueInit)
    QueuePut                                 0x08000711   Thumb Code    64  util_queue.o(i.QueuePut)
    RCC_APB1PeriphClockCmd                   0x08000751   Thumb Code    26  stm32f10x_rcc.o(i.RCC_APB1PeriphClockCmd)
    RCC_DeInit                               0x08000771   Thumb Code    62  stm32f10x_rcc.o(i.RCC_DeInit)
    RCC_GetFlagStatus                        0x080007bd   Thumb Code    56  stm32f10x_rcc.o(i.RCC_GetFlagStatus)
    RCC_HSEConfig                            0x080007f9   Thumb Code    70  stm32f10x_rcc.o(i.RCC_HSEConfig)
    RCC_HSICmd                               0x08000845   Thumb Code     6  stm32f10x_rcc.o(i.RCC_HSICmd)
    RCC_LSEConfig                            0x08000851   Thumb Code    44  stm32f10x_rcc.o(i.RCC_LSEConfig)
    RCC_LSICmd                               0x08000885   Thumb Code     6  stm32f10x_rcc.o(i.RCC_LSICmd)
    RCC_PCLK1Config                          0x08000891   Thumb Code    18  stm32f10x_rcc.o(i.RCC_PCLK1Config)
    RCC_PCLK2Config                          0x080008a9   Thumb Code    20  stm32f10x_rcc.o(i.RCC_PCLK2Config)
    RCC_SW                                   0x080008c1   Thumb Code    48  sys.o(i.RCC_SW)
    RCC_SYSCLKConfig                         0x080008f5   Thumb Code    18  stm32f10x_rcc.o(i.RCC_SYSCLKConfig)
    SystemInit                               0x0800090d   Thumb Code    62  main.o(i.SystemInit)
    Timer_Init                               0x080009d1   Thumb Code    54  tim.o(i.Timer_Init)
    USART1_IRQHandler                        0x08000a0d   Thumb Code    24  usart.o(i.USART1_IRQHandler)
    USART2_IRQHandler                        0x08000a29   Thumb Code    38  usart.o(i.USART2_IRQHandler)
    UartGetByte3                             0x08000a59   Thumb Code    22  usart.o(i.UartGetByte3)
    UartSendByte                             0x08000a6f   Thumb Code    14  usart.o(i.UartSendByte)
    Uart_Init                                0x08000a7d   Thumb Code   268  usart.o(i.Uart_Init)
    __WFI                                    0x08000b9d   Thumb Code     4  stm32f10x_pwr.o(i.__WFI)
    _is_digit                                0x08000ba1   Thumb Code    14  __printf_wp.o(i._is_digit)
    _sys_exit                                0x08000baf   Thumb Code     6  sys.o(i._sys_exit)
    delay_ms                                 0x08000bb5   Thumb Code    78  delay.o(i.delay_ms)
    fputc                                    0x08000c05   Thumb Code    18  sys.o(i.fputc)
    iGPIO_Init                               0x08000c1d   Thumb Code   116  gpio.o(i.iGPIO_Init)
    main                                     0x08000c91   Thumb Code   446  main.o(i.main)
    Region$$Table$$Base                      0x08000ef8   Number         0  anon$$obj.o(Region$$Table)
    Region$$Table$$Limit                     0x08000f18   Number         0  anon$$obj.o(Region$$Table)
    ReciState                                0x20000004   Data           4  main.o(.data)
    device_id                                0x20000008   Data           4  main.o(.data)
    command_id                               0x2000000c   Data           1  main.o(.data)
    ParaSetBuff                              0x2000000d   Data          18  main.o(.data)
    __stdout                                 0x20000024   Data           4  sys.o(.data)
    __stdin                                  0x20000028   Data           4  sys.o(.data)
    USART2ReciQueue                          0x2000002c   Data         264  usart.o(.bss)
    __libspace_start                         0x20000134   Data          96  libspace.o(.bss)
    __temporary_stack_top$libspace           0x20000194   Data           0  libspace.o(.bss)



==============================================================================

Memory Map of the image

  Image Entry point : 0x080001df

  Load Region LR_1 (Base: 0x08000000, Size: 0x00000f44, Max: 0xffffffff, ABSOLUTE)

    Execution Region ER_RO (Base: 0x08000000, Size: 0x00000f18, Max: 0xffffffff, ABSOLUTE)

    Base Addr    Size         Type   Attr      Idx    E Section Name        Object

    0x08000000   0x00000130   Data   RO            3    RESET               startup_stm32f10x_hd.o
    0x08000130   0x00000008   Code   RO         1528  * !!!main             c_w.l(__main.o)
    0x08000138   0x00000034   Code   RO         1695    !!!scatter          c_w.l(__scatter.o)
    0x0800016c   0x0000001a   Code   RO         1697    !!handler_copy      c_w.l(__scatter_copy.o)
    0x08000186   0x00000002   PAD
    0x08000188   0x0000001c   Code   RO         1699    !!handler_zi        c_w.l(__scatter_zi.o)
    0x080001a4   0x00000000   Code   RO         1525    .ARM.Collect$$_printf_percent$$00000000  c_w.l(_printf_percent.o)
    0x080001a4   0x00000006   Code   RO         1524    .ARM.Collect$$_printf_percent$$00000009  c_w.l(_printf_d.o)
    0x080001aa   0x00000006   Code   RO         1522    .ARM.Collect$$_printf_percent$$00000014  c_w.l(_printf_s.o)
    0x080001b0   0x00000004   Code   RO         1539    .ARM.Collect$$_printf_percent$$00000017  c_w.l(_printf_percent_end.o)
    0x080001b4   0x00000002   Code   RO         1572    .ARM.Collect$$libinit$$00000000  c_w.l(libinit.o)
    0x080001b6   0x00000000   Code   RO         1579    .ARM.Collect$$libinit$$00000002  c_w.l(libinit2.o)
    0x080001b6   0x00000000   Code   RO         1582    .ARM.Collect$$libinit$$00000008  c_w.l(libinit2.o)
    0x080001b6   0x00000000   Code   RO         1584    .ARM.Collect$$libinit$$0000000A  c_w.l(libinit2.o)
    0x080001b6   0x00000000   Code   RO         1586    .ARM.Collect$$libinit$$0000000C  c_w.l(libinit2.o)
    0x080001b6   0x00000000   Code   RO         1589    .ARM.Collect$$libinit$$0000000F  c_w.l(libinit2.o)
    0x080001b6   0x00000000   Code   RO         1591    .ARM.Collect$$libinit$$00000011  c_w.l(libinit2.o)
    0x080001b6   0x00000000   Code   RO         1593    .ARM.Collect$$libinit$$00000013  c_w.l(libinit2.o)
    0x080001b6   0x00000000   Code   RO         1595    .ARM.Collect$$libinit$$00000015  c_w.l(libinit2.o)
    0x080001b6   0x00000000   Code   RO         1597    .ARM.Collect$$libinit$$00000017  c_w.l(libinit2.o)
    0x080001b6   0x00000000   Code   RO         1599    .ARM.Collect$$libinit$$00000019  c_w.l(libinit2.o)
    0x080001b6   0x00000000   Code   RO         1601    .ARM.Collect$$libinit$$0000001B  c_w.l(libinit2.o)
    0x080001b6   0x00000000   Code   RO         1603    .ARM.Collect$$libinit$$0000001D  c_w.l(libinit2.o)
    0x080001b6   0x00000000   Code   RO         1605    .ARM.Collect$$libinit$$0000001F  c_w.l(libinit2.o)
    0x080001b6   0x00000000   Code   RO         1607    .ARM.Collect$$libinit$$00000021  c_w.l(libinit2.o)
    0x080001b6   0x00000000   Code   RO         1609    .ARM.Collect$$libinit$$00000023  c_w.l(libinit2.o)
    0x080001b6   0x00000000   Code   RO         1613    .ARM.Collect$$libinit$$0000002A  c_w.l(libinit2.o)
    0x080001b6   0x00000000   Code   RO         1615    .ARM.Collect$$libinit$$0000002C  c_w.l(libinit2.o)
    0x080001b6   0x00000000   Code   RO         1617    .ARM.Collect$$libinit$$0000002E  c_w.l(libinit2.o)
    0x080001b6   0x00000000   Code   RO         1619    .ARM.Collect$$libinit$$00000030  c_w.l(libinit2.o)
    0x080001b6   0x00000002   Code   RO         1620    .ARM.Collect$$libinit$$00000031  c_w.l(libinit2.o)
    0x080001b8   0x00000002   Code   RO         1638    .ARM.Collect$$libshutdown$$00000000  c_w.l(libshutdown.o)
    0x080001ba   0x00000000   Code   RO         1649    .ARM.Collect$$libshutdown$$00000003  c_w.l(libshutdown2.o)
    0x080001ba   0x00000000   Code   RO         1652    .ARM.Collect$$libshutdown$$00000006  c_w.l(libshutdown2.o)
    0x080001ba   0x00000000   Code   RO         1655    .ARM.Collect$$libshutdown$$00000009  c_w.l(libshutdown2.o)
    0x080001ba   0x00000000   Code   RO         1657    .ARM.Collect$$libshutdown$$0000000B  c_w.l(libshutdown2.o)
    0x080001ba   0x00000000   Code   RO         1660    .ARM.Collect$$libshutdown$$0000000E  c_w.l(libshutdown2.o)
    0x080001ba   0x00000002   Code   RO         1661    .ARM.Collect$$libshutdown$$0000000F  c_w.l(libshutdown2.o)
    0x080001bc   0x00000000   Code   RO         1532    .ARM.Collect$$rtentry$$00000000  c_w.l(rtentry.o)
    0x080001bc   0x00000000   Code   RO         1541    .ARM.Collect$$rtentry$$00000002  c_w.l(rtentry2.o)
    0x080001bc   0x00000006   Code   RO         1553    .ARM.Collect$$rtentry$$00000004  c_w.l(rtentry4.o)
    0x080001c2   0x00000000   Code   RO         1543    .ARM.Collect$$rtentry$$00000009  c_w.l(rtentry2.o)
    0x080001c2   0x00000004   Code   RO         1544    .ARM.Collect$$rtentry$$0000000A  c_w.l(rtentry2.o)
    0x080001c6   0x00000000   Code   RO         1546    .ARM.Collect$$rtentry$$0000000C  c_w.l(rtentry2.o)
    0x080001c6   0x00000008   Code   RO         1547    .ARM.Collect$$rtentry$$0000000D  c_w.l(rtentry2.o)
    0x080001ce   0x00000002   Code   RO         1576    .ARM.Collect$$rtexit$$00000000  c_w.l(rtexit.o)
    0x080001d0   0x00000000   Code   RO         1622    .ARM.Collect$$rtexit$$00000002  c_w.l(rtexit2.o)
    0x080001d0   0x00000004   Code   RO         1623    .ARM.Collect$$rtexit$$00000003  c_w.l(rtexit2.o)
    0x080001d4   0x00000006   Code   RO         1624    .ARM.Collect$$rtexit$$00000004  c_w.l(rtexit2.o)
    0x080001da   0x00000002   PAD
    0x080001dc   0x00000044   Code   RO            4  * .text               startup_stm32f10x_hd.o
    0x08000220   0x00000002   Code   RO         1469    .text               c_w.l(use_no_semi_2.o)
    0x08000222   0x00000002   PAD
    0x08000224   0x00000018   Code   RO         1473    .text               c_w.l(noretval__2printf.o)
    0x0800023c   0x00000052   Code   RO         1477    .text               c_w.l(_printf_str.o)
    0x0800028e   0x00000002   PAD
    0x08000290   0x00000078   Code   RO         1479    .text               c_w.l(_printf_dec.o)
    0x08000308   0x0000010e   Code   RO         1510    .text               c_w.l(__printf_wp.o)
    0x08000416   0x00000006   Code   RO         1526    .text               c_w.l(heapauxi.o)
    0x0800041c   0x00000002   Code   RO         1530    .text               c_w.l(use_no_semi.o)
    0x0800041e   0x000000b8   Code   RO         1533    .text               c_w.l(_printf_intcommon.o)
    0x080004d6   0x0000002c   Code   RO         1535    .text               c_w.l(_printf_char.o)
    0x08000502   0x00000002   PAD
    0x08000504   0x00000024   Code   RO         1537    .text               c_w.l(_printf_char_file.o)
    0x08000528   0x00000030   Code   RO         1555    .text               c_w.l(_printf_char_common.o)
    0x08000558   0x00000008   Code   RO         1557    .text               c_w.l(ferror.o)
    0x08000560   0x0000004a   Code   RO         1561    .text               c_w.l(sys_stackheap_outer.o)
    0x080005aa   0x0000000c   Code   RO         1565    .text               c_w.l(exit.o)
    0x080005b6   0x00000002   PAD
    0x080005b8   0x00000008   Code   RO         1573    .text               c_w.l(libspace.o)
    0x080005c0   0x00000010   Code   RO         1011    i.Delay_Init        delay.o
    0x080005d0   0x00000024   Code   RO         1418    i.IsFull            util_queue.o
    0x080005f4   0x00000030   Code   RO          835    i.JTAG_Set          sys.o
    0x08000624   0x0000005a   Code   RO          836    i.MCU_INIT          sys.o
    0x0800067e   0x00000002   PAD
    0x08000680   0x00000038   Code   RO          837    i.NVIC_PriorityGroupConfig  sys.o
    0x080006b8   0x00000034   Code   RO          766    i.PWR_EnterSTANDBYMode  stm32f10x_pwr.o
    0x080006ec   0x0000000c   Code   RO          771    i.PWR_WakeUpPinCmd  stm32f10x_pwr.o
    0x080006f8   0x00000018   Code   RO         1422    i.QueueInit         util_queue.o
    0x08000710   0x00000040   Code   RO         1423    i.QueuePut          util_queue.o
    0x08000750   0x00000020   Code   RO          336    i.RCC_APB1PeriphClockCmd  stm32f10x_rcc.o
    0x08000770   0x0000004c   Code   RO          345    i.RCC_DeInit        stm32f10x_rcc.o
    0x080007bc   0x0000003c   Code   RO          347    i.RCC_GetFlagStatus  stm32f10x_rcc.o
    0x080007f8   0x0000004c   Code   RO          351    i.RCC_HSEConfig     stm32f10x_rcc.o
    0x08000844   0x0000000c   Code   RO          352    i.RCC_HSICmd        stm32f10x_rcc.o
    0x08000850   0x00000034   Code   RO          354    i.RCC_LSEConfig     stm32f10x_rcc.o
    0x08000884   0x0000000c   Code   RO          355    i.RCC_LSICmd        stm32f10x_rcc.o
    0x08000890   0x00000018   Code   RO          357    i.RCC_PCLK1Config   stm32f10x_rcc.o
    0x080008a8   0x00000018   Code   RO          358    i.RCC_PCLK2Config   stm32f10x_rcc.o
    0x080008c0   0x00000034   Code   RO          839    i.RCC_SW            sys.o
    0x080008f4   0x00000018   Code   RO          363    i.RCC_SYSCLKConfig  stm32f10x_rcc.o
    0x0800090c   0x000000c4   Code   RO           11    i.SystemInit        main.o
    0x080009d0   0x0000003c   Code   RO         1131    i.Timer_Init        tim.o
    0x08000a0c   0x0000001c   Code   RO          941    i.USART1_IRQHandler  usart.o
    0x08000a28   0x00000030   Code   RO          942    i.USART2_IRQHandler  usart.o
    0x08000a58   0x00000016   Code   RO          945    i.UartGetByte3      usart.o
    0x08000a6e   0x0000000e   Code   RO          947    i.UartSendByte      usart.o
    0x08000a7c   0x00000120   Code   RO          949    i.Uart_Init         usart.o
    0x08000b9c   0x00000004   Code   RO          773    i.__WFI             stm32f10x_pwr.o
    0x08000ba0   0x0000000e   Code   RO         1512    i._is_digit         c_w.l(__printf_wp.o)
    0x08000bae   0x00000006   Code   RO          841    i._sys_exit         sys.o
    0x08000bb4   0x0000004e   Code   RO         1012    i.delay_ms          delay.o
    0x08000c02   0x00000002   PAD
    0x08000c04   0x00000018   Code   RO          844    i.fputc             sys.o
    0x08000c1c   0x00000074   Code   RO          927    i.iGPIO_Init        gpio.o
    0x08000c90   0x00000268   Code   RO           12    i.main              main.o
    0x08000ef8   0x00000020   Data   RO         1693    Region$$Table       anon$$obj.o


    Execution Region ER_RW (Base: 0x20000000, Size: 0x0000002c, Max: 0xffffffff, ABSOLUTE)

    Base Addr    Size         Type   Attr      Idx    E Section Name        Object

    0x20000000   0x0000001f   Data   RW           13    .data               main.o
    0x2000001f   0x00000001   PAD
    0x20000020   0x0000000c   Data   RW          849    .data               sys.o


    Execution Region ER_ZI (Base: 0x2000002c, Size: 0x0000096c, Max: 0xffffffff, ABSOLUTE)

    Base Addr    Size         Type   Attr      Idx    E Section Name        Object

    0x2000002c   0x00000108   Zero   RW          950    .bss                usart.o
    0x20000134   0x00000060   Zero   RW         1574    .bss                c_w.l(libspace.o)
    0x20000194   0x00000004   PAD
    0x20000198   0x00000000   Zero   RW            2    HEAP                startup_stm32f10x_hd.o
    0x20000198   0x00000800   Zero   RW            1    STACK               startup_stm32f10x_hd.o


==============================================================================

Image component sizes


      Code (inc. data)   RO Data    RW Data    ZI Data      Debug   Object Name

        94          0          0          0          0        804   delay.o
       116          0          0          0          0        877   gpio.o
       812        304          0         31          0      20323   main.o
        68         26        304          0       2048        716   startup_stm32f10x_hd.o
        68         16          0          0          0       1270   stm32f10x_pwr.o
       392         66          0          0          0       4727   stm32f10x_rcc.o
       276         24          0         12          0       4422   sys.o
        60          6          0          0          0        725   tim.o
       400         34          0          0        264       4520   usart.o
       124          0          0          0          0       1584   util_queue.o

    ----------------------------------------------------------------------
      2414        476        336         44       2312      39968   Object Totals
         0          0         32          0          0          0   (incl. Generated)
         4          0          0          1          0          0   (incl. Padding)

    ----------------------------------------------------------------------

      Code (inc. data)   RO Data    RW Data    ZI Data      Debug   Library Member Name

         8          0          0          0          0         68   __main.o
       284          0          0          0          0        156   __printf_wp.o
        52          8          0          0          0          0   __scatter.o
        26          0          0          0          0          0   __scatter_copy.o
        28          0          0          0          0          0   __scatter_zi.o
        44          0          0          0          0        108   _printf_char.o
        48          6          0          0          0         96   _printf_char_common.o
        36          4          0          0          0         80   _printf_char_file.o
         6          0          0          0          0          0   _printf_d.o
       120         18          0          0          0         92   _printf_dec.o
       184          0          0          0          0         88   _printf_intcommon.o
         0          0          0          0          0          0   _printf_percent.o
         4          0          0          0          0          0   _printf_percent_end.o
         6          0          0          0          0          0   _printf_s.o
        82          0          0          0          0         80   _printf_str.o
        12          0          0          0          0         72   exit.o
         8          0          0          0          0         68   ferror.o
         6          0          0          0          0        152   heapauxi.o
         2          0          0          0          0          0   libinit.o
         2          0          0          0          0          0   libinit2.o
         2          0          0          0          0          0   libshutdown.o
         2          0          0          0          0          0   libshutdown2.o
         8          4          0          0         96         68   libspace.o
        24          4          0          0          0         84   noretval__2printf.o
         0          0          0          0          0          0   rtentry.o
        12          0          0          0          0          0   rtentry2.o
         6          0          0          0          0          0   rtentry4.o
         2          0          0          0          0          0   rtexit.o
        10          0          0          0          0          0   rtexit2.o
        74          0          0          0          0         80   sys_stackheap_outer.o
         2          0          0          0          0         68   use_no_semi.o
         2          0          0          0          0         68   use_no_semi_2.o

    ----------------------------------------------------------------------
      1114         44          0          0        100       1428   Library Totals
        12          0          0          0          4          0   (incl. Padding)

    ----------------------------------------------------------------------

      Code (inc. data)   RO Data    RW Data    ZI Data      Debug   Library Name

      1102         44          0          0         96       1428   c_w.l

    ----------------------------------------------------------------------
      1114         44          0          0        100       1428   Library Totals

    ----------------------------------------------------------------------

==============================================================================


      Code (inc. data)   RO Data    RW Data    ZI Data      Debug   

      3528        520        336         44       2412      39004   Grand Totals
      3528        520        336         44       2412      39004   ELF Image Totals
      3528        520        336         44          0          0   ROM Totals

==============================================================================

    Total RO  Size (Code + RO Data)                 3864 (   3.77kB)
    Total RW  Size (RW Data + ZI Data)              2456 (   2.40kB)
    Total ROM Size (Code + RO Data + RW Data)       3908 (   3.82kB)

==============================================================================

